10.240.99.147 - - [24/Jan/2015:23:20:38 +0000] "GET /phpmyadmin/themes/pmahomme/jquery/jquery-ui-1.9.2.custom.css HTTP/1.1" 304 181 "https://gestionreunionparentsprofesseurs-jeanar.c9.io/phpmyadmin/index.php?db=c9&table=Administrateur&target=tbl_structure.php&token=06e9345c97deb03819887715286312ed" "Mozilla/5.0 (X11; Ubuntu; Linux x86_64; rv:35.0) Gecko/20100101 Firefox/35.0"
10.240.35.81 - - [24/Jan/2015:23:20:38 +0000] "GET /phpmyadmin/phpmyadmin.css.php?server=1&token=06e9345c97deb03819887715286312ed&nocache=5616583223ltr HTTP/1.1" 200 89532 "https://gestionreunionparentsprofesseurs-jeanar.c9.io/phpmyadmin/index.php?db=c9&table=Administrateur&target=tbl_structure.php&token=06e9345c97deb03819887715286312ed" "Mozilla/5.0 (X11; Ubuntu; Linux x86_64; rv:35.0) Gecko/20100101 Firefox/35.0"
10.240.35.81 - - [24/Jan/2015:23:20:38 +0000] "GET /phpmyadmin/js/get_scripts.js.php?scripts%5B%5D=jquery/jquery-1.8.3.min.js&scripts%5B%5D=ajax.js&scripts%5B%5D=keyhandler.js&scripts%5B%5D=jquery/jquery-ui-1.9.2.custom.min.js&scripts%5B%5D=jquery/jquery.sprintf.js&scripts%5B%5D=jquery/jquery.cookie.js&scripts%5B%5D=jquery/jquery.mousewheel.js&scripts%5B%5D=jquery/jquery.event.drag-2.2.js&scripts%5B%5D=jquery/jquery-ui-timepicker-addon.js&scripts%5B%5D=jquery/jquery.ba-hashchange-1.3.js&scripts%5B%5D=jquery/jquery.debounce-1.0.5.js&scripts%5B%5D=jquery/jquery.menuResizer-1.0.js&scripts%5B%5D=rte.js&scripts%5B%5D=functions.js&scripts%5B%5D=navigation.js&scripts%5B%5D=indexes.js&scripts%5B%5D=common.js&scripts%5B%5D=tbl_structure.js&scripts%5B%5D=codemirror/lib/codemirror.js&scripts%5B%5D=codemirror/mode/mysql/mysql.js HTTP/1.1" 200 836423 "https://gestionreunionparentsprofesseurs-jeanar.c9.io/phpmyadmin/index.php?db=c9&table=Administrateur&target=tbl_structure.php&token=06e9345c97deb03819887715286312ed" "Mozilla/5.0 (X11; Ubuntu; Linux x86_64; rv:35.0) Gecko/20100101 Firefox/35.0"
10.240.99.147 - - [24/Jan/2015:23:20:38 +0000] "GET /phpmyadmin/js/get_image.js.php?theme=pmahomme HTTP/1.1" 200 6652 "https://gestionreunionparentsprofesseurs-jeanar.c9.io/phpmyadmin/index.php?db=c9&table=Administrateur&target=tbl_structure.php&token=06e9345c97deb03819887715286312ed" "Mozilla/5.0 (X11; Ubuntu; Linux x86_64; rv:35.0) Gecko/20100101 Firefox/35.0"
10.240.99.147 - - [24/Jan/2015:23:20:38 +0000] "GET /phpmyadmin/js/messages.php?lang=fr&db=c9&token=06e9345c97deb03819887715286312ed HTTP/1.1" 200 19242 "https://gestionreunionparentsprofesseurs-jeanar.c9.io/phpmyadmin/index.php?db=c9&table=Administrateur&target=tbl_structure.php&token=06e9345c97deb03819887715286312ed" "Mozilla/5.0 (X11; Ubuntu; Linux x86_64; rv:35.0) Gecko/20100101 Firefox/35.0"
10.240.35.81 - - [24/Jan/2015:23:20:39 +0000] "GET /phpmyadmin/sql.php?db=c9&table=Administrateur&server=1&target=&token=06e9345c97deb03819887715286312ed HTTP/1.1" 200 18261 "https://gestionreunionparentsprofesseurs-jeanar.c9.io/phpmyadmin/tbl_structure.php?db=c9&table=Administrateur&server=1&target=&token=06e9345c97deb03819887715286312ed" "Mozilla/5.0 (X11; Ubuntu; Linux x86_64; rv:35.0) Gecko/20100101 Firefox/35.0"
10.240.99.147 - - [24/Jan/2015:23:20:40 +0000] "GET /phpmyadmin/js/get_scripts.js.php?scripts%5B%5D=jquery/jquery-1.8.3.min.js&scripts%5B%5D=ajax.js&scripts%5B%5D=keyhandler.js&scripts%5B%5D=jquery/jquery-ui-1.9.2.custom.min.js&scripts%5B%5D=jquery/jquery.sprintf.js&scripts%5B%5D=jquery/jquery.cookie.js&scripts%5B%5D=jquery/jquery.mousewheel.js&scripts%5B%5D=jquery/jquery.event.drag-2.2.js&scripts%5B%5D=jquery/jquery-ui-timepicker-addon.js&scripts%5B%5D=jquery/jquery.ba-hashchange-1.3.js&scripts%5B%5D=jquery/jquery.debounce-1.0.5.js&scripts%5B%5D=jquery/jquery.menuResizer-1.0.js&scripts%5B%5D=rte.js&scripts%5B%5D=functions.js&scripts%5B%5D=navigation.js&scripts%5B%5D=indexes.js&scripts%5B%5D=common.js&scripts%5B%5D=tbl_change.js&scripts%5B%5D=tbl_structure.js&scripts%5B%5D=gis_data_editor.js&scripts%5B%5D=codemirror/lib/codemirror.js&scripts%5B%5D=codemirror/mode/mysql/mysql.js HTTP/1.1" 200 870446 "https://gestionreunionparentsprofesseurs-jeanar.c9.io/phpmyadmin/sql.php?db=c9&table=Administrateur&server=1&target=&token=06e9345c97deb03819887715286312ed" "Mozilla/5.0 (X11; Ubuntu; Linux x86_64; rv:35.0) Gecko/20100101 Firefox/35.0"
10.240.99.147 - - [24/Jan/2015:23:20:41 +0000] "GET /phpmyadmin/index.php?db=&table=&server=1&target=&token=06e9345c97deb03819887715286312ed HTTP/1.1" 200 45899 "https://gestionreunionparentsprofesseurs-jeanar.c9.io/phpmyadmin/index.php?db=c9&table=Administrateur&target=tbl_structure.php&token=06e9345c97deb03819887715286312ed" "Mozilla/5.0 (X11; Ubuntu; Linux x86_64; rv:35.0) Gecko/20100101 Firefox/35.0"
10.240.35.81 - - [24/Jan/2015:23:20:41 +0000] "GET /phpmyadmin/js/messages.php?lang=fr&db=&token=06e9345c97deb03819887715286312ed HTTP/1.1" 200 19242 "https://gestionreunionparentsprofesseurs-jeanar.c9.io/phpmyadmin/index.php?db=&table=&server=1&target=&token=06e9345c97deb03819887715286312ed" "Mozilla/5.0 (X11; Ubuntu; Linux x86_64; rv:35.0) Gecko/20100101 Firefox/35.0"
10.240.35.81 - - [24/Jan/2015:23:20:42 +0000] "GET /phpmyadmin/js/get_scripts.js.php?scripts%5B%5D=jquery/jquery-1.8.3.min.js&scripts%5B%5D=ajax.js&scripts%5B%5D=keyhandler.js&scripts%5B%5D=jquery/jquery-ui-1.9.2.custom.min.js&scripts%5B%5D=jquery/jquery.sprintf.js&scripts%5B%5D=jquery/jquery.cookie.js&scripts%5B%5D=jquery/jquery.mousewheel.js&scripts%5B%5D=jquery/jquery.event.drag-2.2.js&scripts%5B%5D=jquery/jquery-ui-timepicker-addon.js&scripts%5B%5D=jquery/jquery.ba-hashchange-1.3.js&scripts%5B%5D=jquery/jquery.debounce-1.0.5.js&scripts%5B%5D=jquery/jquery.menuResizer-1.0.js&scripts%5B%5D=rte.js&scripts%5B%5D=functions.js&scripts%5B%5D=navigation.js&scripts%5B%5D=indexes.js&scripts%5B%5D=common.js&scripts%5B%5D=codemirror/lib/codemirror.js&scripts%5B%5D=codemirror/mode/mysql/mysql.js HTTP/1.1" 200 819107 "https://gestionreunionparentsprofesseurs-jeanar.c9.io/phpmyadmin/index.php?db=&table=&server=1&target=&token=06e9345c97deb03819887715286312ed" "Mozilla/5.0 (X11; Ubuntu; Linux x86_64; rv:35.0) Gecko/20100101 Firefox/35.0"
10.240.35.81 - - [24/Jan/2015:23:20:56 +0000] "GET /phpmyadmin/sql.php?db=c9&table=Administrateur&server=1&target=&token=3d6bead2302476540b52b067c255ae9c HTTP/1.1" 200 18259 "-" "Mozilla/5.0 (X11; Ubuntu; Linux i686; rv:35.0) Gecko/20100101 Firefox/35.0"
10.240.35.81 - - [24/Jan/2015:23:20:56 +0000] "GET /phpmyadmin/themes/pmahomme/jquery/jquery-ui-1.9.2.custom.css HTTP/1.1" 304 181 "https://gestionreunionparentsprofesseurs-jeanar.c9.io/phpmyadmin/sql.php?db=c9&table=Administrateur&server=1&target=&token=3d6bead2302476540b52b067c255ae9c" "Mozilla/5.0 (X11; Ubuntu; Linux i686; rv:35.0) Gecko/20100101 Firefox/35.0"
10.240.35.81 - - [24/Jan/2015:23:20:56 +0000] "GET /phpmyadmin/phpmyadmin.css.php?server=1&token=3d6bead2302476540b52b067c255ae9c&nocache=5616601285ltr HTTP/1.1" 200 89532 "https://gestionreunionparentsprofesseurs-jeanar.c9.io/phpmyadmin/sql.php?db=c9&table=Administrateur&server=1&target=&token=3d6bead2302476540b52b067c255ae9c" "Mozilla/5.0 (X11; Ubuntu; Linux i686; rv:35.0) Gecko/20100101 Firefox/35.0"
10.240.99.147 - - [24/Jan/2015:23:20:56 +0000] "GET /phpmyadmin/navigation.php?ajax_request=1&token=06e9345c97deb03819887715286312ed&aPath=cm9vdA%3D%3D.Yzk%3D&vPath=cm9vdA%3D%3D.Yzk%3D&pos=0&pos2_name=&pos2_value=&searchClause=&searchClause2=&_nocache=142214165639826455 HTTP/1.1" 200 6843 "https://gestionreunionparentsprofesseurs-jeanar.c9.io/phpmyadmin/sql.php?db=c9&table=Administrateur&server=1&target=&token=06e9345c97deb03819887715286312ed" "Mozilla/5.0 (X11; Ubuntu; Linux x86_64; rv:35.0) Gecko/20100101 Firefox/35.0"
10.240.99.147 - - [24/Jan/2015:23:20:57 +0000] "GET /phpmyadmin/js/messages.php?lang=fr&db=c9&token=3d6bead2302476540b52b067c255ae9c HTTP/1.1" 200 19242 "https://gestionreunionparentsprofesseurs-jeanar.c9.io/phpmyadmin/sql.php?db=c9&table=Administrateur&server=1&target=&token=3d6bead2302476540b52b067c255ae9c" "Mozilla/5.0 (X11; Ubuntu; Linux i686; rv:35.0) Gecko/20100101 Firefox/35.0"
10.240.35.81 - - [24/Jan/2015:23:20:56 +0000] "GET /phpmyadmin/js/get_scripts.js.php?scripts%5B%5D=jquery/jquery-1.8.3.min.js&scripts%5B%5D=ajax.js&scripts%5B%5D=keyhandler.js&scripts%5B%5D=jquery/jquery-ui-1.9.2.custom.min.js&scripts%5B%5D=jquery/jquery.sprintf.js&scripts%5B%5D=jquery/jquery.cookie.js&scripts%5B%5D=jquery/jquery.mousewheel.js&scripts%5B%5D=jquery/jquery.event.drag-2.2.js&scripts%5B%5D=jquery/jquery-ui-timepicker-addon.js&scripts%5B%5D=jquery/jquery.ba-hashchange-1.3.js&scripts%5B%5D=jquery/jquery.debounce-1.0.5.js&scripts%5B%5D=jquery/jquery.menuResizer-1.0.js&scripts%5B%5D=rte.js&scripts%5B%5D=functions.js&scripts%5B%5D=navigation.js&scripts%5B%5D=indexes.js&scripts%5B%5D=common.js&scripts%5B%5D=tbl_change.js&scripts%5B%5D=tbl_structure.js&scripts%5B%5D=gis_data_editor.js&scripts%5B%5D=codemirror/lib/codemirror.js&scripts%5B%5D=codemirror/mode/mysql/mysql.js HTTP/1.1" 200 870446 "https://gestionreunionparentsprofesseurs-jeanar.c9.io/phpmyadmin/sql.php?db=c9&table=Administrateur&server=1&target=&token=3d6bead2302476540b52b067c255ae9c" "Mozilla/5.0 (X11; Ubuntu; Linux i686; rv:35.0) Gecko/20100101 Firefox/35.0"
10.240.99.147 - - [24/Jan/2015:23:20:57 +0000] "GET /phpmyadmin/js/get_image.js.php?theme=pmahomme HTTP/1.1" 200 6652 "https://gestionreunionparentsprofesseurs-jeanar.c9.io/phpmyadmin/sql.php?db=c9&table=Administrateur&server=1&target=&token=3d6bead2302476540b52b067c255ae9c" "Mozilla/5.0 (X11; Ubuntu; Linux i686; rv:35.0) Gecko/20100101 Firefox/35.0"
10.240.99.147 - - [24/Jan/2015:23:20:57 +0000] "GET /phpmyadmin/index.php?ajax_request=1&recent_table=1&token=06e9345c97deb03819887715286312ed HTTP/1.1" 200 800 "https://gestionreunionparentsprofesseurs-jeanar.c9.io/phpmyadmin/sql.php?db=c9&table=Administrateur&server=1&target=&token=06e9345c97deb03819887715286312ed" "Mozilla/5.0 (X11; Ubuntu; Linux x86_64; rv:35.0) Gecko/20100101 Firefox/35.0"
10.240.35.81 - - [24/Jan/2015:23:21:05 +0000] "GET /phpmyadmin/sql.php?db=c9&table=Administrateur&server=1&target=&token=3d6bead2302476540b52b067c255ae9c HTTP/1.1" 200 18259 "https://gestionreunionparentsprofesseurs-jeanar.c9.io/phpmyadmin/sql.php?db=c9&table=Administrateur&server=1&target=&token=3d6bead2302476540b52b067c255ae9c" "Mozilla/5.0 (X11; Ubuntu; Linux i686; rv:35.0) Gecko/20100101 Firefox/35.0"
10.240.35.81 - - [24/Jan/2015:23:21:07 +0000] "GET /phpmyadmin/navigation.php?ajax_request=1&token=3d6bead2302476540b52b067c255ae9c&aPath=cm9vdA%3D%3D.Yzk%3D&vPath=cm9vdA%3D%3D.Yzk%3D&pos=0&pos2_name=&pos2_value=&searchClause=&searchClause2=&_nocache=1422141666705235335 HTTP/1.1" 200 6843 "https://gestionreunionparentsprofesseurs-jeanar.c9.io/phpmyadmin/sql.php?db=c9&table=Administrateur&server=1&target=&token=3d6bead2302476540b52b067c255ae9c" "Mozilla/5.0 (X11; Ubuntu; Linux i686; rv:35.0) Gecko/20100101 Firefox/35.0"
10.240.35.81 - - [24/Jan/2015:23:21:07 +0000] "GET /phpmyadmin/index.php?ajax_request=1&recent_table=1&token=3d6bead2302476540b52b067c255ae9c HTTP/1.1" 200 798 "https://gestionreunionparentsprofesseurs-jeanar.c9.io/phpmyadmin/sql.php?db=c9&table=Administrateur&server=1&target=&token=3d6bead2302476540b52b067c255ae9c" "Mozilla/5.0 (X11; Ubuntu; Linux i686; rv:35.0) Gecko/20100101 Firefox/35.0"
10.240.99.147 - - [24/Jan/2015:23:21:16 +0000] "GET /phpmyadmin/sql.php?db=c9&table=Administrateur&server=1&target=&token=3d6bead2302476540b52b067c255ae9c HTTP/1.1" 200 18259 "https://gestionreunionparentsprofesseurs-jeanar.c9.io/phpmyadmin/sql.php?db=c9&table=Administrateur&server=1&target=&token=3d6bead2302476540b52b067c255ae9c" "Mozilla/5.0 (X11; Ubuntu; Linux i686; rv:35.0) Gecko/20100101 Firefox/35.0"
10.240.99.147 - - [24/Jan/2015:23:21:17 +0000] "GET /phpmyadmin/navigation.php?ajax_request=1&token=3d6bead2302476540b52b067c255ae9c&aPath=cm9vdA%3D%3D.Yzk%3D&vPath=cm9vdA%3D%3D.Yzk%3D&pos=0&pos2_name=&pos2_value=&searchClause=&searchClause2=&_nocache=1422141677170883259 HTTP/1.1" 200 6843 "https://gestionreunionparentsprofesseurs-jeanar.c9.io/phpmyadmin/sql.php?db=c9&table=Administrateur&server=1&target=&token=3d6bead2302476540b52b067c255ae9c" "Mozilla/5.0 (X11; Ubuntu; Linux i686; rv:35.0) Gecko/20100101 Firefox/35.0"
10.240.35.81 - - [24/Jan/2015:23:21:17 +0000] "GET /phpmyadmin/index.php?ajax_request=1&recent_table=1&token=3d6bead2302476540b52b067c255ae9c HTTP/1.1" 200 798 "https://gestionreunionparentsprofesseurs-jeanar.c9.io/phpmyadmin/sql.php?db=c9&table=Administrateur&server=1&target=&token=3d6bead2302476540b52b067c255ae9c" "Mozilla/5.0 (X11; Ubuntu; Linux i686; rv:35.0) Gecko/20100101 Firefox/35.0"
10.240.99.147 - - [24/Jan/2015:23:21:20 +0000] "GET /phpmyadmin/sql.php?server=1&db=c9&table=Eleve&pos=0&token=3d6bead2302476540b52b067c255ae9c&ajax_request=true&ajax_page_request=true&menuHashes=81a29553&_nocache=1422141679857687341 HTTP/1.1" 200 10648 "https://gestionreunionparentsprofesseurs-jeanar.c9.io/phpmyadmin/sql.php?db=c9&table=Administrateur&server=1&target=&token=3d6bead2302476540b52b067c255ae9c" "Mozilla/5.0 (X11; Ubuntu; Linux i686; rv:35.0) Gecko/20100101 Firefox/35.0"
10.240.35.81 - - [24/Jan/2015:23:21:20 +0000] "GET /phpmyadmin/index.php?ajax_request=1&recent_table=1&token=3d6bead2302476540b52b067c255ae9c HTTP/1.1" 200 906 "https://gestionreunionparentsprofesseurs-jeanar.c9.io/phpmyadmin/sql.php?db=c9&table=Administrateur&server=1&target=&token=3d6bead2302476540b52b067c255ae9c" "Mozilla/5.0 (X11; Ubuntu; Linux i686; rv:35.0) Gecko/20100101 Firefox/35.0"
10.240.99.147 - - [24/Jan/2015:23:21:21 +0000] "GET /phpmyadmin/sql.php?server=1&db=c9&table=Administrateur&pos=0&token=3d6bead2302476540b52b067c255ae9c&ajax_request=true&ajax_page_request=true&menuHashes=81a29553-eed3e791&_nocache=1422141681337408462 HTTP/1.1" 200 7811 "https://gestionreunionparentsprofesseurs-jeanar.c9.io/phpmyadmin/sql.php?db=c9&table=Administrateur&server=1&target=&token=3d6bead2302476540b52b067c255ae9c" "Mozilla/5.0 (X11; Ubuntu; Linux i686; rv:35.0) Gecko/20100101 Firefox/35.0"
10.240.35.81 - - [24/Jan/2015:23:21:22 +0000] "GET /phpmyadmin/index.php?ajax_request=1&recent_table=1&token=3d6bead2302476540b52b067c255ae9c HTTP/1.1" 200 906 "https://gestionreunionparentsprofesseurs-jeanar.c9.io/phpmyadmin/sql.php?db=c9&table=Administrateur&server=1&target=&token=3d6bead2302476540b52b067c255ae9c" "Mozilla/5.0 (X11; Ubuntu; Linux i686; rv:35.0) Gecko/20100101 Firefox/35.0"
10.240.99.147 - - [24/Jan/2015:23:21:23 +0000] "POST /phpmyadmin/navigation.php?ajax_request=1&token=3d6bead2302476540b52b067c255ae9c HTTP/1.1" 200 10914 "https://gestionreunionparentsprofesseurs-jeanar.c9.io/phpmyadmin/sql.php?db=c9&table=Administrateur&server=1&target=&token=3d6bead2302476540b52b067c255ae9c" "Mozilla/5.0 (X11; Ubuntu; Linux i686; rv:35.0) Gecko/20100101 Firefox/35.0"
10.240.99.147 - - [24/Jan/2015:23:21:24 +0000] "POST /phpmyadmin/navigation.php?ajax_request=1&token=3d6bead2302476540b52b067c255ae9c HTTP/1.1" 200 10914 "https://gestionreunionparentsprofesseurs-jeanar.c9.io/phpmyadmin/sql.php?db=c9&table=Administrateur&server=1&target=&token=3d6bead2302476540b52b067c255ae9c" "Mozilla/5.0 (X11; Ubuntu; Linux i686; rv:35.0) Gecko/20100101 Firefox/35.0"
10.240.99.147 - - [24/Jan/2015:23:21:25 +0000] "POST /phpmyadmin/navigation.php?ajax_request=1&token=3d6bead2302476540b52b067c255ae9c HTTP/1.1" 200 10914 "https://gestionreunionparentsprofesseurs-jeanar.c9.io/phpmyadmin/sql.php?db=c9&table=Administrateur&server=1&target=&token=3d6bead2302476540b52b067c255ae9c" "Mozilla/5.0 (X11; Ubuntu; Linux i686; rv:35.0) Gecko/20100101 Firefox/35.0"
10.240.35.81 - - [24/Jan/2015:23:21:25 +0000] "POST /phpmyadmin/navigation.php?ajax_request=1&token=3d6bead2302476540b52b067c255ae9c HTTP/1.1" 200 10914 "https://gestionreunionparentsprofesseurs-jeanar.c9.io/phpmyadmin/sql.php?db=c9&table=Administrateur&server=1&target=&token=3d6bead2302476540b52b067c255ae9c" "Mozilla/5.0 (X11; Ubuntu; Linux i686; rv:35.0) Gecko/20100101 Firefox/35.0"
10.240.99.147 - - [24/Jan/2015:23:25:59 +0000] "POST /phpmyadmin/navigation.php?ajax_request=1&token=3d6bead2302476540b52b067c255ae9c HTTP/1.1" 200 10914 "https://gestionreunionparentsprofesseurs-jeanar.c9.io/phpmyadmin/sql.php?db=c9&table=Administrateur&server=1&target=&token=3d6bead2302476540b52b067c255ae9c" "Mozilla/5.0 (X11; Ubuntu; Linux i686; rv:35.0) Gecko/20100101 Firefox/35.0"
10.240.99.147 - - [24/Jan/2015:23:26:00 +0000] "POST /phpmyadmin/navigation.php?ajax_request=1&token=3d6bead2302476540b52b067c255ae9c HTTP/1.1" 200 10914 "https://gestionreunionparentsprofesseurs-jeanar.c9.io/phpmyadmin/sql.php?db=c9&table=Administrateur&server=1&target=&token=3d6bead2302476540b52b067c255ae9c" "Mozilla/5.0 (X11; Ubuntu; Linux i686; rv:35.0) Gecko/20100101 Firefox/35.0"
10.240.35.81 - - [24/Jan/2015:23:26:01 +0000] "GET /phpmyadmin/sql.php?server=1&db=c9&table=Administrateur&pos=0&token=3d6bead2302476540b52b067c255ae9c&ajax_request=true&ajax_page_request=true&menuHashes=81a29553-eed3e791&_nocache=1422141961054923571 HTTP/1.1" 200 7811 "https://gestionreunionparentsprofesseurs-jeanar.c9.io/phpmyadmin/sql.php?db=c9&table=Administrateur&server=1&target=&token=3d6bead2302476540b52b067c255ae9c" "Mozilla/5.0 (X11; Ubuntu; Linux i686; rv:35.0) Gecko/20100101 Firefox/35.0"
10.240.99.147 - - [24/Jan/2015:23:26:01 +0000] "GET /phpmyadmin/index.php?ajax_request=1&recent_table=1&token=3d6bead2302476540b52b067c255ae9c HTTP/1.1" 200 906 "https://gestionreunionparentsprofesseurs-jeanar.c9.io/phpmyadmin/sql.php?db=c9&table=Administrateur&server=1&target=&token=3d6bead2302476540b52b067c255ae9c" "Mozilla/5.0 (X11; Ubuntu; Linux i686; rv:35.0) Gecko/20100101 Firefox/35.0"
10.240.35.81 - - [24/Jan/2015:23:27:44 +0000] "GET /phpmyadmin/tbl_structure.php?db=c9&table=Administrateur&token=3d6bead2302476540b52b067c255ae9c&ajax_request=true&ajax_page_request=true&menuHashes=81a29553-eed3e791&_nocache=1422142063663970236 HTTP/1.1" 200 34470 "https://gestionreunionparentsprofesseurs-jeanar.c9.io/phpmyadmin/sql.php?db=c9&table=Administrateur&server=1&target=&token=3d6bead2302476540b52b067c255ae9c" "Mozilla/5.0 (X11; Ubuntu; Linux i686; rv:35.0) Gecko/20100101 Firefox/35.0"
10.240.35.81 - - [24/Jan/2015:23:27:45 +0000] "GET /phpmyadmin/index.php?ajax_request=1&recent_table=1&token=3d6bead2302476540b52b067c255ae9c HTTP/1.1" 200 906 "https://gestionreunionparentsprofesseurs-jeanar.c9.io/phpmyadmin/sql.php?db=c9&table=Administrateur&server=1&target=&token=3d6bead2302476540b52b067c255ae9c" "Mozilla/5.0 (X11; Ubuntu; Linux i686; rv:35.0) Gecko/20100101 Firefox/35.0"
10.240.99.147 - - [24/Jan/2015:23:28:04 +0000] "GET /phpmyadmin/sql.php?db=c9&table=Administrateur&token=3d6bead2302476540b52b067c255ae9c&pos=0&ajax_request=true&ajax_page_request=true&menuHashes=81a29553-eed3e791-483efae9&_nocache=1422142084271897055 HTTP/1.1" 200 7809 "https://gestionreunionparentsprofesseurs-jeanar.c9.io/phpmyadmin/sql.php?db=c9&table=Administrateur&server=1&target=&token=3d6bead2302476540b52b067c255ae9c" "Mozilla/5.0 (X11; Ubuntu; Linux i686; rv:35.0) Gecko/20100101 Firefox/35.0"
10.240.99.147 - - [24/Jan/2015:23:28:05 +0000] "GET /phpmyadmin/index.php?ajax_request=1&recent_table=1&token=3d6bead2302476540b52b067c255ae9c HTTP/1.1" 200 906 "https://gestionreunionparentsprofesseurs-jeanar.c9.io/phpmyadmin/sql.php?db=c9&table=Administrateur&server=1&target=&token=3d6bead2302476540b52b067c255ae9c" "Mozilla/5.0 (X11; Ubuntu; Linux i686; rv:35.0) Gecko/20100101 Firefox/35.0"
10.240.99.147 - - [24/Jan/2015:23:28:06 +0000] "POST /phpmyadmin/navigation.php?ajax_request=1&token=3d6bead2302476540b52b067c255ae9c HTTP/1.1" 200 10914 "https://gestionreunionparentsprofesseurs-jeanar.c9.io/phpmyadmin/sql.php?db=c9&table=Administrateur&server=1&target=&token=3d6bead2302476540b52b067c255ae9c" "Mozilla/5.0 (X11; Ubuntu; Linux i686; rv:35.0) Gecko/20100101 Firefox/35.0"
10.240.99.147 - - [24/Jan/2015:23:28:10 +0000] "GET /phpmyadmin/sql.php?db=c9&table=Administrateur&server=1&target=&token=3d6bead2302476540b52b067c255ae9c HTTP/1.1" 200 18364 "-" "Mozilla/5.0 (X11; Ubuntu; Linux i686; rv:35.0) Gecko/20100101 Firefox/35.0"
10.240.99.147 - - [24/Jan/2015:23:28:10 +0000] "GET /phpmyadmin/themes/pmahomme/jquery/jquery-ui-1.9.2.custom.css HTTP/1.1" 304 181 "https://gestionreunionparentsprofesseurs-jeanar.c9.io/phpmyadmin/sql.php?db=c9&table=Administrateur&server=1&target=&token=3d6bead2302476540b52b067c255ae9c" "Mozilla/5.0 (X11; Ubuntu; Linux i686; rv:35.0) Gecko/20100101 Firefox/35.0"
10.240.35.81 - - [24/Jan/2015:23:28:10 +0000] "GET /phpmyadmin/phpmyadmin.css.php?server=1&token=3d6bead2302476540b52b067c255ae9c&nocache=5616601285ltr HTTP/1.1" 200 89532 "https://gestionreunionparentsprofesseurs-jeanar.c9.io/phpmyadmin/sql.php?db=c9&table=Administrateur&server=1&target=&token=3d6bead2302476540b52b067c255ae9c" "Mozilla/5.0 (X11; Ubuntu; Linux i686; rv:35.0) Gecko/20100101 Firefox/35.0"
10.240.35.81 - - [24/Jan/2015:23:28:10 +0000] "GET /phpmyadmin/js/get_scripts.js.php?scripts%5B%5D=jquery/jquery-1.8.3.min.js&scripts%5B%5D=ajax.js&scripts%5B%5D=keyhandler.js&scripts%5B%5D=jquery/jquery-ui-1.9.2.custom.min.js&scripts%5B%5D=jquery/jquery.sprintf.js&scripts%5B%5D=jquery/jquery.cookie.js&scripts%5B%5D=jquery/jquery.mousewheel.js&scripts%5B%5D=jquery/jquery.event.drag-2.2.js&scripts%5B%5D=jquery/jquery-ui-timepicker-addon.js&scripts%5B%5D=jquery/jquery.ba-hashchange-1.3.js&scripts%5B%5D=jquery/jquery.debounce-1.0.5.js&scripts%5B%5D=jquery/jquery.menuResizer-1.0.js&scripts%5B%5D=rte.js&scripts%5B%5D=functions.js&scripts%5B%5D=navigation.js&scripts%5B%5D=indexes.js&scripts%5B%5D=common.js&scripts%5B%5D=tbl_change.js&scripts%5B%5D=tbl_structure.js&scripts%5B%5D=gis_data_editor.js&scripts%5B%5D=codemirror/lib/codemirror.js&scripts%5B%5D=codemirror/mode/mysql/mysql.js HTTP/1.1" 200 870446 "https://gestionreunionparentsprofesseurs-jeanar.c9.io/phpmyadmin/sql.php?db=c9&table=Administrateur&server=1&target=&token=3d6bead2302476540b52b067c255ae9c" "Mozilla/5.0 (X11; Ubuntu; Linux i686; rv:35.0) Gecko/20100101 Firefox/35.0"
10.240.99.147 - - [24/Jan/2015:23:28:10 +0000] "GET /phpmyadmin/js/messages.php?lang=fr&db=c9&token=3d6bead2302476540b52b067c255ae9c HTTP/1.1" 200 19242 "https://gestionreunionparentsprofesseurs-jeanar.c9.io/phpmyadmin/sql.php?db=c9&table=Administrateur&server=1&target=&token=3d6bead2302476540b52b067c255ae9c" "Mozilla/5.0 (X11; Ubuntu; Linux i686; rv:35.0) Gecko/20100101 Firefox/35.0"
10.240.99.147 - - [24/Jan/2015:23:28:10 +0000] "GET /phpmyadmin/js/get_image.js.php?theme=pmahomme HTTP/1.1" 200 6652 "https://gestionreunionparentsprofesseurs-jeanar.c9.io/phpmyadmin/sql.php?db=c9&table=Administrateur&server=1&target=&token=3d6bead2302476540b52b067c255ae9c" "Mozilla/5.0 (X11; Ubuntu; Linux i686; rv:35.0) Gecko/20100101 Firefox/35.0"
10.240.35.81 - - [24/Jan/2015:23:28:18 +0000] "GET /phpmyadmin/sql.php?db=c9&table=Administrateur&server=1&target=&token=3d6bead2302476540b52b067c255ae9c HTTP/1.1" 200 18364 "https://gestionreunionparentsprofesseurs-jeanar.c9.io/phpmyadmin/sql.php?db=c9&table=Administrateur&server=1&target=&token=3d6bead2302476540b52b067c255ae9c" "Mozilla/5.0 (X11; Ubuntu; Linux i686; rv:35.0) Gecko/20100101 Firefox/35.0"
10.240.35.81 - - [24/Jan/2015:23:28:19 +0000] "GET /phpmyadmin/navigation.php?ajax_request=1&token=3d6bead2302476540b52b067c255ae9c&aPath=cm9vdA%3D%3D.Yzk%3D&vPath=cm9vdA%3D%3D.Yzk%3D&pos=0&pos2_name=&pos2_value=&searchClause=&searchClause2=&_nocache=1422142099246657309 HTTP/1.1" 200 6843 "https://gestionreunionparentsprofesseurs-jeanar.c9.io/phpmyadmin/sql.php?db=c9&table=Administrateur&server=1&target=&token=3d6bead2302476540b52b067c255ae9c" "Mozilla/5.0 (X11; Ubuntu; Linux i686; rv:35.0) Gecko/20100101 Firefox/35.0"
10.240.99.147 - - [24/Jan/2015:23:28:19 +0000] "GET /phpmyadmin/index.php?ajax_request=1&recent_table=1&token=3d6bead2302476540b52b067c255ae9c HTTP/1.1" 200 906 "https://gestionreunionparentsprofesseurs-jeanar.c9.io/phpmyadmin/sql.php?db=c9&table=Administrateur&server=1&target=&token=3d6bead2302476540b52b067c255ae9c" "Mozilla/5.0 (X11; Ubuntu; Linux i686; rv:35.0) Gecko/20100101 Firefox/35.0"
10.240.35.81 - - [24/Jan/2015:23:28:21 +0000] "GET /phpmyadmin/tbl_structure.php?db=c9&table=Administrateur&token=3d6bead2302476540b52b067c255ae9c&ajax_request=true&ajax_page_request=true&menuHashes=81a29553&_nocache=1422142101429991676 HTTP/1.1" 200 34470 "https://gestionreunionparentsprofesseurs-jeanar.c9.io/phpmyadmin/sql.php?db=c9&table=Administrateur&server=1&target=&token=3d6bead2302476540b52b067c255ae9c" "Mozilla/5.0 (X11; Ubuntu; Linux i686; rv:35.0) Gecko/20100101 Firefox/35.0"
10.240.35.81 - - [24/Jan/2015:23:28:22 +0000] "GET /phpmyadmin/index.php?ajax_request=1&recent_table=1&token=3d6bead2302476540b52b067c255ae9c HTTP/1.1" 200 906 "https://gestionreunionparentsprofesseurs-jeanar.c9.io/phpmyadmin/sql.php?db=c9&table=Administrateur&server=1&target=&token=3d6bead2302476540b52b067c255ae9c" "Mozilla/5.0 (X11; Ubuntu; Linux i686; rv:35.0) Gecko/20100101 Firefox/35.0"
10.240.35.81 - - [24/Jan/2015:23:29:00 +0000] "GET /phpmyadmin/sql.php?db=c9&table=Administrateur&token=3d6bead2302476540b52b067c255ae9c&pos=0&ajax_request=true&ajax_page_request=true&menuHashes=81a29553-483efae9&_nocache=1422142139644586004 HTTP/1.1" 200 7809 "https://gestionreunionparentsprofesseurs-jeanar.c9.io/phpmyadmin/sql.php?db=c9&table=Administrateur&server=1&target=&token=3d6bead2302476540b52b067c255ae9c" "Mozilla/5.0 (X11; Ubuntu; Linux i686; rv:35.0) Gecko/20100101 Firefox/35.0"
10.240.99.147 - - [24/Jan/2015:23:29:00 +0000] "GET /phpmyadmin/index.php?ajax_request=1&recent_table=1&token=3d6bead2302476540b52b067c255ae9c HTTP/1.1" 200 906 "https://gestionreunionparentsprofesseurs-jeanar.c9.io/phpmyadmin/sql.php?db=c9&table=Administrateur&server=1&target=&token=3d6bead2302476540b52b067c255ae9c" "Mozilla/5.0 (X11; Ubuntu; Linux i686; rv:35.0) Gecko/20100101 Firefox/35.0"
10.240.99.147 - - [24/Jan/2015:23:29:02 +0000] "GET /phpmyadmin/sql.php?server=1&db=c9&table=Administrateur&pos=0&token=3d6bead2302476540b52b067c255ae9c&ajax_request=true&ajax_page_request=true&menuHashes=81a29553-483efae9&_nocache=1422142141652394915 HTTP/1.1" 200 7811 "https://gestionreunionparentsprofesseurs-jeanar.c9.io/phpmyadmin/sql.php?db=c9&table=Administrateur&server=1&target=&token=3d6bead2302476540b52b067c255ae9c" "Mozilla/5.0 (X11; Ubuntu; Linux i686; rv:35.0) Gecko/20100101 Firefox/35.0"
10.240.35.81 - - [24/Jan/2015:23:29:02 +0000] "GET /phpmyadmin/index.php?ajax_request=1&recent_table=1&token=3d6bead2302476540b52b067c255ae9c HTTP/1.1" 200 906 "https://gestionreunionparentsprofesseurs-jeanar.c9.io/phpmyadmin/sql.php?db=c9&table=Administrateur&server=1&target=&token=3d6bead2302476540b52b067c255ae9c" "Mozilla/5.0 (X11; Ubuntu; Linux i686; rv:35.0) Gecko/20100101 Firefox/35.0"
10.240.35.81 - - [24/Jan/2015:23:29:04 +0000] "POST /phpmyadmin/navigation.php?ajax_request=1&token=3d6bead2302476540b52b067c255ae9c HTTP/1.1" 200 10914 "https://gestionreunionparentsprofesseurs-jeanar.c9.io/phpmyadmin/sql.php?db=c9&table=Administrateur&server=1&target=&token=3d6bead2302476540b52b067c255ae9c" "Mozilla/5.0 (X11; Ubuntu; Linux i686; rv:35.0) Gecko/20100101 Firefox/35.0"
10.240.99.147 - - [24/Jan/2015:23:29:05 +0000] "POST /phpmyadmin/navigation.php?ajax_request=1&token=3d6bead2302476540b52b067c255ae9c HTTP/1.1" 200 10914 "https://gestionreunionparentsprofesseurs-jeanar.c9.io/phpmyadmin/sql.php?db=c9&table=Administrateur&server=1&target=&token=3d6bead2302476540b52b067c255ae9c" "Mozilla/5.0 (X11; Ubuntu; Linux i686; rv:35.0) Gecko/20100101 Firefox/35.0"
10.240.35.81 - - [24/Jan/2015:23:29:23 +0000] "GET /phpmyadmin/sql.php?db=c9&table=Administrateur&token=3d6bead2302476540b52b067c255ae9c&pos=0&ajax_request=true&ajax_page_request=true&menuHashes=81a29553-483efae9&_nocache=1422142162772689939 HTTP/1.1" 200 7809 "https://gestionreunionparentsprofesseurs-jeanar.c9.io/phpmyadmin/sql.php?db=c9&table=Administrateur&server=1&target=&token=3d6bead2302476540b52b067c255ae9c" "Mozilla/5.0 (X11; Ubuntu; Linux i686; rv:35.0) Gecko/20100101 Firefox/35.0"
10.240.99.147 - - [24/Jan/2015:23:29:23 +0000] "GET /phpmyadmin/index.php?ajax_request=1&recent_table=1&token=3d6bead2302476540b52b067c255ae9c HTTP/1.1" 200 906 "https://gestionreunionparentsprofesseurs-jeanar.c9.io/phpmyadmin/sql.php?db=c9&table=Administrateur&server=1&target=&token=3d6bead2302476540b52b067c255ae9c" "Mozilla/5.0 (X11; Ubuntu; Linux i686; rv:35.0) Gecko/20100101 Firefox/35.0"
10.240.99.147 - - [24/Jan/2015:23:29:24 +0000] "GET /phpmyadmin/sql.php?db=c9&table=Administrateur&token=3d6bead2302476540b52b067c255ae9c&pos=0&ajax_request=true&ajax_page_request=true&menuHashes=81a29553-483efae9&_nocache=1422142163990486276 HTTP/1.1" 200 7809 "https://gestionreunionparentsprofesseurs-jeanar.c9.io/phpmyadmin/sql.php?db=c9&table=Administrateur&server=1&target=&token=3d6bead2302476540b52b067c255ae9c" "Mozilla/5.0 (X11; Ubuntu; Linux i686; rv:35.0) Gecko/20100101 Firefox/35.0"
10.240.35.81 - - [24/Jan/2015:23:29:24 +0000] "GET /phpmyadmin/index.php?ajax_request=1&recent_table=1&token=3d6bead2302476540b52b067c255ae9c HTTP/1.1" 200 906 "https://gestionreunionparentsprofesseurs-jeanar.c9.io/phpmyadmin/sql.php?db=c9&table=Administrateur&server=1&target=&token=3d6bead2302476540b52b067c255ae9c" "Mozilla/5.0 (X11; Ubuntu; Linux i686; rv:35.0) Gecko/20100101 Firefox/35.0"
10.240.35.81 - - [24/Jan/2015:23:29:29 +0000] "POST /phpmyadmin/navigation.php?ajax_request=1&token=3d6bead2302476540b52b067c255ae9c HTTP/1.1" 200 10914 "https://gestionreunionparentsprofesseurs-jeanar.c9.io/phpmyadmin/sql.php?db=c9&table=Administrateur&server=1&target=&token=3d6bead2302476540b52b067c255ae9c" "Mozilla/5.0 (X11; Ubuntu; Linux i686; rv:35.0) Gecko/20100101 Firefox/35.0"
10.240.35.81 - - [24/Jan/2015:23:29:30 +0000] "POST /phpmyadmin/navigation.php?ajax_request=1&token=3d6bead2302476540b52b067c255ae9c HTTP/1.1" 200 10914 "https://gestionreunionparentsprofesseurs-jeanar.c9.io/phpmyadmin/sql.php?db=c9&table=Administrateur&server=1&target=&token=3d6bead2302476540b52b067c255ae9c" "Mozilla/5.0 (X11; Ubuntu; Linux i686; rv:35.0) Gecko/20100101 Firefox/35.0"
10.240.35.81 - - [24/Jan/2015:23:29:32 +0000] "GET /phpmyadmin/tbl_structure.php?db=c9&table=Administrateur&token=3d6bead2302476540b52b067c255ae9c&ajax_request=true&ajax_page_request=true&menuHashes=81a29553-483efae9&_nocache=1422142171561955807 HTTP/1.1" 200 31292 "https://gestionreunionparentsprofesseurs-jeanar.c9.io/phpmyadmin/sql.php?db=c9&table=Administrateur&server=1&target=&token=3d6bead2302476540b52b067c255ae9c" "Mozilla/5.0 (X11; Ubuntu; Linux i686; rv:35.0) Gecko/20100101 Firefox/35.0"
10.240.99.147 - - [24/Jan/2015:23:29:32 +0000] "GET /phpmyadmin/index.php?ajax_request=1&recent_table=1&token=3d6bead2302476540b52b067c255ae9c HTTP/1.1" 200 906 "https://gestionreunionparentsprofesseurs-jeanar.c9.io/phpmyadmin/sql.php?db=c9&table=Administrateur&server=1&target=&token=3d6bead2302476540b52b067c255ae9c" "Mozilla/5.0 (X11; Ubuntu; Linux i686; rv:35.0) Gecko/20100101 Firefox/35.0"
10.240.99.147 - - [24/Jan/2015:23:29:34 +0000] "GET /phpmyadmin/sql.php?db=c9&table=Administrateur&token=3d6bead2302476540b52b067c255ae9c&pos=0&ajax_request=true&ajax_page_request=true&menuHashes=81a29553-483efae9&_nocache=1422142173721174921 HTTP/1.1" 200 7809 "https://gestionreunionparentsprofesseurs-jeanar.c9.io/phpmyadmin/sql.php?db=c9&table=Administrateur&server=1&target=&token=3d6bead2302476540b52b067c255ae9c" "Mozilla/5.0 (X11; Ubuntu; Linux i686; rv:35.0) Gecko/20100101 Firefox/35.0"
10.240.99.147 - - [24/Jan/2015:23:29:34 +0000] "GET /phpmyadmin/index.php?ajax_request=1&recent_table=1&token=3d6bead2302476540b52b067c255ae9c HTTP/1.1" 200 906 "https://gestionreunionparentsprofesseurs-jeanar.c9.io/phpmyadmin/sql.php?db=c9&table=Administrateur&server=1&target=&token=3d6bead2302476540b52b067c255ae9c" "Mozilla/5.0 (X11; Ubuntu; Linux i686; rv:35.0) Gecko/20100101 Firefox/35.0"
10.240.99.147 - - [24/Jan/2015:23:29:35 +0000] "GET /phpmyadmin/tbl_structure.php?db=c9&table=Administrateur&token=3d6bead2302476540b52b067c255ae9c&ajax_request=true&ajax_page_request=true&menuHashes=81a29553-483efae9&_nocache=1422142174896883934 HTTP/1.1" 200 31292 "https://gestionreunionparentsprofesseurs-jeanar.c9.io/phpmyadmin/sql.php?db=c9&table=Administrateur&server=1&target=&token=3d6bead2302476540b52b067c255ae9c" "Mozilla/5.0 (X11; Ubuntu; Linux i686; rv:35.0) Gecko/20100101 Firefox/35.0"
10.240.99.147 - - [24/Jan/2015:23:29:35 +0000] "GET /phpmyadmin/index.php?ajax_request=1&recent_table=1&token=3d6bead2302476540b52b067c255ae9c HTTP/1.1" 200 906 "https://gestionreunionparentsprofesseurs-jeanar.c9.io/phpmyadmin/sql.php?db=c9&table=Administrateur&server=1&target=&token=3d6bead2302476540b52b067c255ae9c" "Mozilla/5.0 (X11; Ubuntu; Linux i686; rv:35.0) Gecko/20100101 Firefox/35.0"
10.240.35.81 - - [24/Jan/2015:23:29:39 +0000] "GET /phpmyadmin/sql.php?db=c9&table=Administrateur&token=3d6bead2302476540b52b067c255ae9c&pos=0&ajax_request=true&ajax_page_request=true&menuHashes=81a29553-483efae9&_nocache=1422142179529553303 HTTP/1.1" 200 7809 "https://gestionreunionparentsprofesseurs-jeanar.c9.io/phpmyadmin/sql.php?db=c9&table=Administrateur&server=1&target=&token=3d6bead2302476540b52b067c255ae9c" "Mozilla/5.0 (X11; Ubuntu; Linux i686; rv:35.0) Gecko/20100101 Firefox/35.0"
10.240.99.147 - - [24/Jan/2015:23:29:40 +0000] "GET /phpmyadmin/index.php?ajax_request=1&recent_table=1&token=3d6bead2302476540b52b067c255ae9c HTTP/1.1" 200 906 "https://gestionreunionparentsprofesseurs-jeanar.c9.io/phpmyadmin/sql.php?db=c9&table=Administrateur&server=1&target=&token=3d6bead2302476540b52b067c255ae9c" "Mozilla/5.0 (X11; Ubuntu; Linux i686; rv:35.0) Gecko/20100101 Firefox/35.0"
10.240.99.147 - - [24/Jan/2015:23:30:02 +0000] "GET /favicon.ico HTTP/1.1" 404 536 "-" "Mozilla/5.0 (X11; Ubuntu; Linux i686; rv:35.0) Gecko/20100101 Firefox/35.0"
10.240.99.147 - - [24/Jan/2015:23:30:03 +0000] "GET /favicon.ico HTTP/1.1" 404 536 "-" "Mozilla/5.0 (X11; Ubuntu; Linux i686; rv:35.0) Gecko/20100101 Firefox/35.0"
10.240.99.147 - - [24/Jan/2015:23:33:52 +0000] "GET / HTTP/1.1" 200 2390 "https://ide.c9.io/jeanar/gestionreunionparentsprofesseurs" "Mozilla/5.0 (X11; Ubuntu; Linux x86_64; rv:35.0) Gecko/20100101 Firefox/35.0"
10.240.99.147 - - [24/Jan/2015:23:33:53 +0000] "GET /icons/blank.gif HTTP/1.1" 200 431 "https://gestionreunionparentsprofesseurs-jeanar.c9.io/?_c9_id=livepreview0&_c9_host=https://ide.c9.io" "Mozilla/5.0 (X11; Ubuntu; Linux x86_64; rv:35.0) Gecko/20100101 Firefox/35.0"
10.240.99.147 - - [24/Jan/2015:23:33:53 +0000] "GET /icons/folder.gif HTTP/1.1" 200 508 "https://gestionreunionparentsprofesseurs-jeanar.c9.io/?_c9_id=livepreview0&_c9_host=https://ide.c9.io" "Mozilla/5.0 (X11; Ubuntu; Linux x86_64; rv:35.0) Gecko/20100101 Firefox/35.0"
10.240.35.81 - - [24/Jan/2015:23:33:53 +0000] "GET /icons/unknown.gif HTTP/1.1" 200 528 "https://gestionreunionparentsprofesseurs-jeanar.c9.io/?_c9_id=livepreview0&_c9_host=https://ide.c9.io" "Mozilla/5.0 (X11; Ubuntu; Linux x86_64; rv:35.0) Gecko/20100101 Firefox/35.0"
10.240.35.81 - - [24/Jan/2015:23:33:56 +0000] "GET /class/ HTTP/1.1" 200 4188 "https://gestionreunionparentsprofesseurs-jeanar.c9.io/?_c9_id=livepreview0&_c9_host=https://ide.c9.io" "Mozilla/5.0 (X11; Ubuntu; Linux x86_64; rv:35.0) Gecko/20100101 Firefox/35.0"
10.240.35.81 - - [24/Jan/2015:23:33:56 +0000] "GET /icons/back.gif HTTP/1.1" 200 499 "https://gestionreunionparentsprofesseurs-jeanar.c9.io/class/" "Mozilla/5.0 (X11; Ubuntu; Linux x86_64; rv:35.0) Gecko/20100101 Firefox/35.0"
10.240.99.147 - - [24/Jan/2015:23:33:58 +0000] "GET /class/test.php HTTP/1.1" 500 206 "https://gestionreunionparentsprofesseurs-jeanar.c9.io/class/" "Mozilla/5.0 (X11; Ubuntu; Linux x86_64; rv:35.0) Gecko/20100101 Firefox/35.0"
10.240.99.147 - - [24/Jan/2015:23:34:01 +0000] "GET /phpmyadmin/sql.php?db=c9&table=Administrateur&server=1&target=&token=06e9345c97deb03819887715286312ed HTTP/1.1" 200 18261 "-" "Mozilla/5.0 (X11; Ubuntu; Linux x86_64; rv:35.0) Gecko/20100101 Firefox/35.0"
10.240.35.81 - - [24/Jan/2015:23:34:02 +0000] "GET /phpmyadmin/phpmyadmin.css.php?server=1&token=06e9345c97deb03819887715286312ed&nocache=5616583223ltr HTTP/1.1" 200 89532 "https://gestionreunionparentsprofesseurs-jeanar.c9.io/phpmyadmin/sql.php?db=c9&table=Administrateur&server=1&target=&token=06e9345c97deb03819887715286312ed" "Mozilla/5.0 (X11; Ubuntu; Linux x86_64; rv:35.0) Gecko/20100101 Firefox/35.0"
10.240.99.147 - - [24/Jan/2015:23:34:02 +0000] "GET /phpmyadmin/themes/pmahomme/jquery/jquery-ui-1.9.2.custom.css HTTP/1.1" 200 32587 "https://gestionreunionparentsprofesseurs-jeanar.c9.io/phpmyadmin/sql.php?db=c9&table=Administrateur&server=1&target=&token=06e9345c97deb03819887715286312ed" "Mozilla/5.0 (X11; Ubuntu; Linux x86_64; rv:35.0) Gecko/20100101 Firefox/35.0"
10.240.99.147 - - [24/Jan/2015:23:34:02 +0000] "GET /phpmyadmin/js/messages.php?lang=fr&db=c9&token=06e9345c97deb03819887715286312ed HTTP/1.1" 200 19242 "https://gestionreunionparentsprofesseurs-jeanar.c9.io/phpmyadmin/sql.php?db=c9&table=Administrateur&server=1&target=&token=06e9345c97deb03819887715286312ed" "Mozilla/5.0 (X11; Ubuntu; Linux x86_64; rv:35.0) Gecko/20100101 Firefox/35.0"
10.240.35.81 - - [24/Jan/2015:23:34:02 +0000] "GET /phpmyadmin/js/get_image.js.php?theme=pmahomme HTTP/1.1" 200 6652 "https://gestionreunionparentsprofesseurs-jeanar.c9.io/phpmyadmin/sql.php?db=c9&table=Administrateur&server=1&target=&token=06e9345c97deb03819887715286312ed" "Mozilla/5.0 (X11; Ubuntu; Linux x86_64; rv:35.0) Gecko/20100101 Firefox/35.0"
10.240.99.147 - - [24/Jan/2015:23:34:02 +0000] "GET /phpmyadmin/js/get_scripts.js.php?scripts%5B%5D=jquery/jquery-1.8.3.min.js&scripts%5B%5D=ajax.js&scripts%5B%5D=keyhandler.js&scripts%5B%5D=jquery/jquery-ui-1.9.2.custom.min.js&scripts%5B%5D=jquery/jquery.sprintf.js&scripts%5B%5D=jquery/jquery.cookie.js&scripts%5B%5D=jquery/jquery.mousewheel.js&scripts%5B%5D=jquery/jquery.event.drag-2.2.js&scripts%5B%5D=jquery/jquery-ui-timepicker-addon.js&scripts%5B%5D=jquery/jquery.ba-hashchange-1.3.js&scripts%5B%5D=jquery/jquery.debounce-1.0.5.js&scripts%5B%5D=jquery/jquery.menuResizer-1.0.js&scripts%5B%5D=rte.js&scripts%5B%5D=functions.js&scripts%5B%5D=navigation.js&scripts%5B%5D=indexes.js&scripts%5B%5D=common.js&scripts%5B%5D=tbl_change.js&scripts%5B%5D=tbl_structure.js&scripts%5B%5D=gis_data_editor.js&scripts%5B%5D=codemirror/lib/codemirror.js&scripts%5B%5D=codemirror/mode/mysql/mysql.js HTTP/1.1" 200 870446 "https://gestionreunionparentsprofesseurs-jeanar.c9.io/phpmyadmin/sql.php?db=c9&table=Administrateur&server=1&target=&token=06e9345c97deb03819887715286312ed" "Mozilla/5.0 (X11; Ubuntu; Linux x86_64; rv:35.0) Gecko/20100101 Firefox/35.0"
10.240.35.81 - - [24/Jan/2015:23:34:04 +0000] "GET /phpmyadmin/sql.php?db=c9&table=Administrateur&server=1&target=&token=06e9345c97deb03819887715286312ed HTTP/1.1" 200 18261 "https://gestionreunionparentsprofesseurs-jeanar.c9.io/phpmyadmin/sql.php?db=c9&table=Administrateur&server=1&target=&token=06e9345c97deb03819887715286312ed" "Mozilla/5.0 (X11; Ubuntu; Linux x86_64; rv:35.0) Gecko/20100101 Firefox/35.0"
10.240.99.147 - - [24/Jan/2015:23:34:04 +0000] "GET /phpmyadmin/navigation.php?ajax_request=1&token=06e9345c97deb03819887715286312ed&aPath=cm9vdA%3D%3D.Yzk%3D&vPath=cm9vdA%3D%3D.Yzk%3D&pos=0&pos2_name=&pos2_value=&searchClause=&searchClause2=&_nocache=1422142444168333630 HTTP/1.1" 200 6843 "https://gestionreunionparentsprofesseurs-jeanar.c9.io/phpmyadmin/sql.php?db=c9&table=Administrateur&server=1&target=&token=06e9345c97deb03819887715286312ed" "Mozilla/5.0 (X11; Ubuntu; Linux x86_64; rv:35.0) Gecko/20100101 Firefox/35.0"
10.240.35.81 - - [24/Jan/2015:23:34:04 +0000] "GET /phpmyadmin/index.php?ajax_request=1&recent_table=1&token=06e9345c97deb03819887715286312ed HTTP/1.1" 200 800 "https://gestionreunionparentsprofesseurs-jeanar.c9.io/phpmyadmin/sql.php?db=c9&table=Administrateur&server=1&target=&token=06e9345c97deb03819887715286312ed" "Mozilla/5.0 (X11; Ubuntu; Linux x86_64; rv:35.0) Gecko/20100101 Firefox/35.0"
10.240.99.147 - - [24/Jan/2015:23:34:06 +0000] "GET /phpmyadmin/sql.php?db=c9&table=Administrateur&token=06e9345c97deb03819887715286312ed&pos=0&ajax_request=true&ajax_page_request=true&menuHashes=094d30b2&_nocache=1422142445508750877 HTTP/1.1" 200 7809 "https://gestionreunionparentsprofesseurs-jeanar.c9.io/phpmyadmin/sql.php?db=c9&table=Administrateur&server=1&target=&token=06e9345c97deb03819887715286312ed" "Mozilla/5.0 (X11; Ubuntu; Linux x86_64; rv:35.0) Gecko/20100101 Firefox/35.0"
10.240.35.81 - - [24/Jan/2015:23:34:06 +0000] "GET /phpmyadmin/index.php?ajax_request=1&recent_table=1&token=06e9345c97deb03819887715286312ed HTTP/1.1" 200 800 "https://gestionreunionparentsprofesseurs-jeanar.c9.io/phpmyadmin/sql.php?db=c9&table=Administrateur&server=1&target=&token=06e9345c97deb03819887715286312ed" "Mozilla/5.0 (X11; Ubuntu; Linux x86_64; rv:35.0) Gecko/20100101 Firefox/35.0"
10.240.99.147 - - [24/Jan/2015:23:35:24 +0000] "GET / HTTP/1.1" 200 2390 "https://ide.c9.io/jeanar/gestionreunionparentsprofesseurs" "Mozilla/5.0 (X11; Ubuntu; Linux x86_64; rv:35.0) Gecko/20100101 Firefox/35.0"
10.240.99.147 - - [24/Jan/2015:23:35:26 +0000] "GET /class/ HTTP/1.1" 200 4188 "https://gestionreunionparentsprofesseurs-jeanar.c9.io/?_c9_id=livepreview0&_c9_host=https://ide.c9.io" "Mozilla/5.0 (X11; Ubuntu; Linux x86_64; rv:35.0) Gecko/20100101 Firefox/35.0"
10.240.99.147 - - [24/Jan/2015:23:35:29 +0000] "GET /class/test.php HTTP/1.1" 500 206 "https://gestionreunionparentsprofesseurs-jeanar.c9.io/class/" "Mozilla/5.0 (X11; Ubuntu; Linux x86_64; rv:35.0) Gecko/20100101 Firefox/35.0"
10.240.99.147 - - [24/Jan/2015:23:35:41 +0000] "GET / HTTP/1.1" 200 2390 "https://ide.c9.io/jeanar/gestionreunionparentsprofesseurs" "Mozilla/5.0 (X11; Ubuntu; Linux x86_64; rv:35.0) Gecko/20100101 Firefox/35.0"
10.240.99.147 - - [24/Jan/2015:23:35:43 +0000] "GET /class/ HTTP/1.1" 200 4188 "https://gestionreunionparentsprofesseurs-jeanar.c9.io/?_c9_id=livepreview0&_c9_host=https://ide.c9.io" "Mozilla/5.0 (X11; Ubuntu; Linux x86_64; rv:35.0) Gecko/20100101 Firefox/35.0"
10.240.99.147 - - [24/Jan/2015:23:35:46 +0000] "GET /class/test.php HTTP/1.1" 500 206 "https://gestionreunionparentsprofesseurs-jeanar.c9.io/class/" "Mozilla/5.0 (X11; Ubuntu; Linux x86_64; rv:35.0) Gecko/20100101 Firefox/35.0"
10.240.99.147 - - [24/Jan/2015:23:35:50 +0000] "GET /phpmyadmin/sql.php?db=c9&table=Administrateur&token=06e9345c97deb03819887715286312ed&pos=0&ajax_request=true&ajax_page_request=true&menuHashes=094d30b2&_nocache=1422142549402375989 HTTP/1.1" 200 7809 "https://gestionreunionparentsprofesseurs-jeanar.c9.io/phpmyadmin/sql.php?db=c9&table=Administrateur&server=1&target=&token=06e9345c97deb03819887715286312ed" "Mozilla/5.0 (X11; Ubuntu; Linux x86_64; rv:35.0) Gecko/20100101 Firefox/35.0"
10.240.99.147 - - [24/Jan/2015:23:35:50 +0000] "GET /phpmyadmin/index.php?ajax_request=1&recent_table=1&token=06e9345c97deb03819887715286312ed HTTP/1.1" 200 800 "https://gestionreunionparentsprofesseurs-jeanar.c9.io/phpmyadmin/sql.php?db=c9&table=Administrateur&server=1&target=&token=06e9345c97deb03819887715286312ed" "Mozilla/5.0 (X11; Ubuntu; Linux x86_64; rv:35.0) Gecko/20100101 Firefox/35.0"
10.240.35.81 - - [24/Jan/2015:23:36:17 +0000] "GET / HTTP/1.1" 200 2390 "https://ide.c9.io/jeanar/gestionreunionparentsprofesseurs" "Mozilla/5.0 (X11; Ubuntu; Linux x86_64; rv:35.0) Gecko/20100101 Firefox/35.0"
10.240.99.147 - - [24/Jan/2015:23:36:19 +0000] "GET /class/ HTTP/1.1" 200 4188 "https://gestionreunionparentsprofesseurs-jeanar.c9.io/?_c9_id=livepreview0&_c9_host=https://ide.c9.io" "Mozilla/5.0 (X11; Ubuntu; Linux x86_64; rv:35.0) Gecko/20100101 Firefox/35.0"
10.240.99.147 - - [24/Jan/2015:23:36:22 +0000] "GET /class/test.php HTTP/1.1" 500 206 "https://gestionreunionparentsprofesseurs-jeanar.c9.io/class/" "Mozilla/5.0 (X11; Ubuntu; Linux x86_64; rv:35.0) Gecko/20100101 Firefox/35.0"
10.240.35.81 - - [24/Jan/2015:23:36:24 +0000] "GET /phpmyadmin/sql.php?db=c9&table=Administrateur&server=1&target=&token=06e9345c97deb03819887715286312ed HTTP/1.1" 200 18261 "-" "Mozilla/5.0 (X11; Ubuntu; Linux x86_64; rv:35.0) Gecko/20100101 Firefox/35.0"
10.240.99.147 - - [24/Jan/2015:23:36:24 +0000] "GET /phpmyadmin/phpmyadmin.css.php?server=1&token=06e9345c97deb03819887715286312ed&nocache=5616583223ltr HTTP/1.1" 200 89532 "https://gestionreunionparentsprofesseurs-jeanar.c9.io/phpmyadmin/sql.php?db=c9&table=Administrateur&server=1&target=&token=06e9345c97deb03819887715286312ed" "Mozilla/5.0 (X11; Ubuntu; Linux x86_64; rv:35.0) Gecko/20100101 Firefox/35.0"
10.240.35.81 - - [24/Jan/2015:23:36:24 +0000] "GET /phpmyadmin/themes/pmahomme/jquery/jquery-ui-1.9.2.custom.css HTTP/1.1" 304 181 "https://gestionreunionparentsprofesseurs-jeanar.c9.io/phpmyadmin/sql.php?db=c9&table=Administrateur&server=1&target=&token=06e9345c97deb03819887715286312ed" "Mozilla/5.0 (X11; Ubuntu; Linux x86_64; rv:35.0) Gecko/20100101 Firefox/35.0"
10.240.99.147 - - [24/Jan/2015:23:36:24 +0000] "GET /phpmyadmin/js/get_image.js.php?theme=pmahomme HTTP/1.1" 200 6652 "https://gestionreunionparentsprofesseurs-jeanar.c9.io/phpmyadmin/sql.php?db=c9&table=Administrateur&server=1&target=&token=06e9345c97deb03819887715286312ed" "Mozilla/5.0 (X11; Ubuntu; Linux x86_64; rv:35.0) Gecko/20100101 Firefox/35.0"
10.240.35.81 - - [24/Jan/2015:23:36:24 +0000] "GET /phpmyadmin/js/get_scripts.js.php?scripts%5B%5D=jquery/jquery-1.8.3.min.js&scripts%5B%5D=ajax.js&scripts%5B%5D=keyhandler.js&scripts%5B%5D=jquery/jquery-ui-1.9.2.custom.min.js&scripts%5B%5D=jquery/jquery.sprintf.js&scripts%5B%5D=jquery/jquery.cookie.js&scripts%5B%5D=jquery/jquery.mousewheel.js&scripts%5B%5D=jquery/jquery.event.drag-2.2.js&scripts%5B%5D=jquery/jquery-ui-timepicker-addon.js&scripts%5B%5D=jquery/jquery.ba-hashchange-1.3.js&scripts%5B%5D=jquery/jquery.debounce-1.0.5.js&scripts%5B%5D=jquery/jquery.menuResizer-1.0.js&scripts%5B%5D=rte.js&scripts%5B%5D=functions.js&scripts%5B%5D=navigation.js&scripts%5B%5D=indexes.js&scripts%5B%5D=common.js&scripts%5B%5D=tbl_change.js&scripts%5B%5D=tbl_structure.js&scripts%5B%5D=gis_data_editor.js&scripts%5B%5D=codemirror/lib/codemirror.js&scripts%5B%5D=codemirror/mode/mysql/mysql.js HTTP/1.1" 200 870446 "https://gestionreunionparentsprofesseurs-jeanar.c9.io/phpmyadmin/sql.php?db=c9&table=Administrateur&server=1&target=&token=06e9345c97deb03819887715286312ed" "Mozilla/5.0 (X11; Ubuntu; Linux x86_64; rv:35.0) Gecko/20100101 Firefox/35.0"
10.240.99.147 - - [24/Jan/2015:23:36:24 +0000] "GET /phpmyadmin/js/messages.php?lang=fr&db=c9&token=06e9345c97deb03819887715286312ed HTTP/1.1" 200 19242 "https://gestionreunionparentsprofesseurs-jeanar.c9.io/phpmyadmin/sql.php?db=c9&table=Administrateur&server=1&target=&token=06e9345c97deb03819887715286312ed" "Mozilla/5.0 (X11; Ubuntu; Linux x86_64; rv:35.0) Gecko/20100101 Firefox/35.0"
10.240.99.147 - - [24/Jan/2015:23:36:26 +0000] "GET /phpmyadmin/sql.php?db=c9&table=Administrateur&server=1&target=&token=06e9345c97deb03819887715286312ed HTTP/1.1" 200 18261 "https://gestionreunionparentsprofesseurs-jeanar.c9.io/phpmyadmin/sql.php?db=c9&table=Administrateur&server=1&target=&token=06e9345c97deb03819887715286312ed" "Mozilla/5.0 (X11; Ubuntu; Linux x86_64; rv:35.0) Gecko/20100101 Firefox/35.0"
10.240.99.147 - - [24/Jan/2015:23:36:27 +0000] "GET /phpmyadmin/navigation.php?ajax_request=1&token=06e9345c97deb03819887715286312ed&aPath=cm9vdA%3D%3D.Yzk%3D&vPath=cm9vdA%3D%3D.Yzk%3D&pos=0&pos2_name=&pos2_value=&searchClause=&searchClause2=&_nocache=1422142586584288207 HTTP/1.1" 200 6843 "https://gestionreunionparentsprofesseurs-jeanar.c9.io/phpmyadmin/sql.php?db=c9&table=Administrateur&server=1&target=&token=06e9345c97deb03819887715286312ed" "Mozilla/5.0 (X11; Ubuntu; Linux x86_64; rv:35.0) Gecko/20100101 Firefox/35.0"
10.240.35.81 - - [24/Jan/2015:23:36:27 +0000] "GET /phpmyadmin/index.php?ajax_request=1&recent_table=1&token=06e9345c97deb03819887715286312ed HTTP/1.1" 200 800 "https://gestionreunionparentsprofesseurs-jeanar.c9.io/phpmyadmin/sql.php?db=c9&table=Administrateur&server=1&target=&token=06e9345c97deb03819887715286312ed" "Mozilla/5.0 (X11; Ubuntu; Linux x86_64; rv:35.0) Gecko/20100101 Firefox/35.0"
10.240.35.81 - - [24/Jan/2015:23:38:44 +0000] "GET / HTTP/1.1" 200 2390 "https://ide.c9.io/jeanar/gestionreunionparentsprofesseurs" "Mozilla/5.0 (X11; Ubuntu; Linux x86_64; rv:35.0) Gecko/20100101 Firefox/35.0"
10.240.99.147 - - [24/Jan/2015:23:38:47 +0000] "GET /class/ HTTP/1.1" 200 4188 "https://gestionreunionparentsprofesseurs-jeanar.c9.io/?_c9_id=livepreview0&_c9_host=https://ide.c9.io" "Mozilla/5.0 (X11; Ubuntu; Linux x86_64; rv:35.0) Gecko/20100101 Firefox/35.0"
10.240.35.81 - - [24/Jan/2015:23:38:49 +0000] "GET /class/test.php HTTP/1.1" 500 206 "https://gestionreunionparentsprofesseurs-jeanar.c9.io/class/" "Mozilla/5.0 (X11; Ubuntu; Linux x86_64; rv:35.0) Gecko/20100101 Firefox/35.0"
10.240.99.147 - - [24/Jan/2015:23:39:02 +0000] "GET / HTTP/1.1" 200 2390 "https://ide.c9.io/jeanar/gestionreunionparentsprofesseurs" "Mozilla/5.0 (X11; Ubuntu; Linux x86_64; rv:35.0) Gecko/20100101 Firefox/35.0"
10.240.35.81 - - [24/Jan/2015:23:39:04 +0000] "GET /class/ HTTP/1.1" 200 4188 "https://gestionreunionparentsprofesseurs-jeanar.c9.io/?_c9_id=livepreview0&_c9_host=https://ide.c9.io" "Mozilla/5.0 (X11; Ubuntu; Linux x86_64; rv:35.0) Gecko/20100101 Firefox/35.0"
10.240.99.147 - - [24/Jan/2015:23:39:08 +0000] "GET /class/test.php HTTP/1.1" 500 210 "https://gestionreunionparentsprofesseurs-jeanar.c9.io/class/" "Mozilla/5.0 (X11; Ubuntu; Linux x86_64; rv:35.0) Gecko/20100101 Firefox/35.0"
10.240.99.147 - - [24/Jan/2015:23:39:56 +0000] "GET / HTTP/1.1" 200 2390 "https://ide.c9.io/jeanar/gestionreunionparentsprofesseurs" "Mozilla/5.0 (X11; Ubuntu; Linux x86_64; rv:35.0) Gecko/20100101 Firefox/35.0"
10.240.99.147 - - [24/Jan/2015:23:39:58 +0000] "GET /class/ HTTP/1.1" 200 4188 "https://gestionreunionparentsprofesseurs-jeanar.c9.io/?_c9_id=livepreview0&_c9_host=https://ide.c9.io" "Mozilla/5.0 (X11; Ubuntu; Linux x86_64; rv:35.0) Gecko/20100101 Firefox/35.0"
