10.240.99.147 - - [24/Jan/2015:22:13:56 +0000] "GET /phpmyadmin/index.php?token=06e9345c97deb03819887715286312ed&ajax_request=true&ajax_page_request=true&menuHashes=48a35ade-c85944fe-a3eeb0fa-bebaf2e8-559d6dbc-094d30b2-d9182390&_nocache=1422137635565536851 HTTP/1.1" 200 38986 "https://gestionreunionparentsprofesseurs-jeanar.c9.io/phpmyadmin/sql.php?db=c9&table=Reunion&server=1&target=&token=06e9345c97deb03819887715286312ed" "Mozilla/5.0 (X11; Ubuntu; Linux x86_64; rv:35.0) Gecko/20100101 Firefox/35.0"
10.240.35.81 - - [24/Jan/2015:22:14:00 +0000] "GET /phpmyadmin/server_status.php?db=&token=06e9345c97deb03819887715286312ed&ajax_request=true&ajax_page_request=true&menuHashes=c85944fe-a3eeb0fa-bebaf2e8-559d6dbc-094d30b2-d9182390-c12a6d24&_nocache=1422137639751176758 HTTP/1.1" 200 10128 "https://gestionreunionparentsprofesseurs-jeanar.c9.io/phpmyadmin/sql.php?db=c9&table=Reunion&server=1&target=&token=06e9345c97deb03819887715286312ed" "Mozilla/5.0 (X11; Ubuntu; Linux x86_64; rv:35.0) Gecko/20100101 Firefox/35.0"
10.240.35.81 - - [24/Jan/2015:22:14:00 +0000] "GET /phpmyadmin/themes/pmahomme/img/s_fulltext.png HTTP/1.1" 200 455 "https://gestionreunionparentsprofesseurs-jeanar.c9.io/phpmyadmin/sql.php?db=c9&table=Reunion&server=1&target=&token=06e9345c97deb03819887715286312ed" "Mozilla/5.0 (X11; Ubuntu; Linux x86_64; rv:35.0) Gecko/20100101 Firefox/35.0"
10.240.99.147 - - [24/Jan/2015:22:14:43 +0000] "GET / HTTP/1.1" 200 2390 "https://ide.c9.io/jeanar/gestionreunionparentsprofesseurs" "Mozilla/5.0 (X11; Ubuntu; Linux x86_64; rv:35.0) Gecko/20100101 Firefox/35.0"
10.240.35.81 - - [24/Jan/2015:22:14:44 +0000] "GET /icons/blank.gif HTTP/1.1" 200 431 "https://gestionreunionparentsprofesseurs-jeanar.c9.io/?_c9_id=livepreview1&_c9_host=https://ide.c9.io" "Mozilla/5.0 (X11; Ubuntu; Linux x86_64; rv:35.0) Gecko/20100101 Firefox/35.0"
10.240.35.81 - - [24/Jan/2015:22:14:44 +0000] "GET /icons/unknown.gif HTTP/1.1" 200 528 "https://gestionreunionparentsprofesseurs-jeanar.c9.io/?_c9_id=livepreview1&_c9_host=https://ide.c9.io" "Mozilla/5.0 (X11; Ubuntu; Linux x86_64; rv:35.0) Gecko/20100101 Firefox/35.0"
10.240.35.81 - - [24/Jan/2015:22:14:44 +0000] "GET /icons/folder.gif HTTP/1.1" 200 508 "https://gestionreunionparentsprofesseurs-jeanar.c9.io/?_c9_id=livepreview1&_c9_host=https://ide.c9.io" "Mozilla/5.0 (X11; Ubuntu; Linux x86_64; rv:35.0) Gecko/20100101 Firefox/35.0"
10.240.35.81 - - [24/Jan/2015:22:14:46 +0000] "GET /includes/ HTTP/1.1" 200 1629 "https://gestionreunionparentsprofesseurs-jeanar.c9.io/?_c9_id=livepreview1&_c9_host=https://ide.c9.io" "Mozilla/5.0 (X11; Ubuntu; Linux x86_64; rv:35.0) Gecko/20100101 Firefox/35.0"
10.240.35.81 - - [24/Jan/2015:22:14:47 +0000] "GET /icons/text.gif HTTP/1.1" 200 512 "https://gestionreunionparentsprofesseurs-jeanar.c9.io/includes/" "Mozilla/5.0 (X11; Ubuntu; Linux x86_64; rv:35.0) Gecko/20100101 Firefox/35.0"
10.240.35.81 - - [24/Jan/2015:22:14:49 +0000] "GET / HTTP/1.1" 200 2390 "https://gestionreunionparentsprofesseurs-jeanar.c9.io/includes/" "Mozilla/5.0 (X11; Ubuntu; Linux x86_64; rv:35.0) Gecko/20100101 Firefox/35.0"
10.240.35.81 - - [24/Jan/2015:22:14:52 +0000] "GET /class/ HTTP/1.1" 200 4188 "https://gestionreunionparentsprofesseurs-jeanar.c9.io/" "Mozilla/5.0 (X11; Ubuntu; Linux x86_64; rv:35.0) Gecko/20100101 Firefox/35.0"
10.240.99.147 - - [24/Jan/2015:22:14:54 +0000] "GET /class/test.php HTTP/1.1" 200 361 "https://gestionreunionparentsprofesseurs-jeanar.c9.io/class/" "Mozilla/5.0 (X11; Ubuntu; Linux x86_64; rv:35.0) Gecko/20100101 Firefox/35.0"
10.240.35.81 - - [24/Jan/2015:22:15:01 +0000] "GET /phpmyadmin/sql.php?server=1&db=c9&table=Administrateur&pos=0&token=85aa9112c3ed2d0f0258e7b957f71699&ajax_request=true&ajax_page_request=true&menuHashes=3646b60c-fb32e58b-59adcc96&_nocache=1422137700493383813 HTTP/1.1" 200 7811 "https://gestionreunionparentsprofesseurs-jeanar.c9.io/phpmyadmin/sql.php?db=c9&table=Administrateur&server=1&target=&token=85aa9112c3ed2d0f0258e7b957f71699" "Mozilla/5.0 (X11; Ubuntu; Linux i686; rv:35.0) Gecko/20100101 Firefox/35.0"
10.240.35.81 - - [24/Jan/2015:22:15:01 +0000] "GET /phpmyadmin/index.php?ajax_request=1&recent_table=1&token=85aa9112c3ed2d0f0258e7b957f71699 HTTP/1.1" 200 1026 "https://gestionreunionparentsprofesseurs-jeanar.c9.io/phpmyadmin/sql.php?db=c9&table=Administrateur&server=1&target=&token=85aa9112c3ed2d0f0258e7b957f71699" "Mozilla/5.0 (X11; Ubuntu; Linux i686; rv:35.0) Gecko/20100101 Firefox/35.0"
10.240.35.81 - - [24/Jan/2015:22:15:02 +0000] "GET /phpmyadmin/sql.php?server=1&db=c9&table=Administrateur&pos=0&token=85aa9112c3ed2d0f0258e7b957f71699&ajax_request=true&ajax_page_request=true&menuHashes=3646b60c-fb32e58b-59adcc96&_nocache=1422137702205279905 HTTP/1.1" 200 7811 "https://gestionreunionparentsprofesseurs-jeanar.c9.io/phpmyadmin/sql.php?db=c9&table=Administrateur&server=1&target=&token=85aa9112c3ed2d0f0258e7b957f71699" "Mozilla/5.0 (X11; Ubuntu; Linux i686; rv:35.0) Gecko/20100101 Firefox/35.0"
10.240.35.81 - - [24/Jan/2015:22:15:02 +0000] "GET /phpmyadmin/index.php?ajax_request=1&recent_table=1&token=85aa9112c3ed2d0f0258e7b957f71699 HTTP/1.1" 200 1026 "https://gestionreunionparentsprofesseurs-jeanar.c9.io/phpmyadmin/sql.php?db=c9&table=Administrateur&server=1&target=&token=85aa9112c3ed2d0f0258e7b957f71699" "Mozilla/5.0 (X11; Ubuntu; Linux i686; rv:35.0) Gecko/20100101 Firefox/35.0"
10.240.35.81 - - [24/Jan/2015:22:15:04 +0000] "GET /phpmyadmin/sql.php?server=1&db=c9&table=Reunion&pos=0&token=85aa9112c3ed2d0f0258e7b957f71699&ajax_request=true&ajax_page_request=true&menuHashes=3646b60c-fb32e58b-59adcc96&_nocache=1422137703901305991 HTTP/1.1" 200 7608 "https://gestionreunionparentsprofesseurs-jeanar.c9.io/phpmyadmin/sql.php?db=c9&table=Administrateur&server=1&target=&token=85aa9112c3ed2d0f0258e7b957f71699" "Mozilla/5.0 (X11; Ubuntu; Linux i686; rv:35.0) Gecko/20100101 Firefox/35.0"
10.240.35.81 - - [24/Jan/2015:22:15:04 +0000] "GET /phpmyadmin/index.php?ajax_request=1&recent_table=1&token=85aa9112c3ed2d0f0258e7b957f71699 HTTP/1.1" 200 1026 "https://gestionreunionparentsprofesseurs-jeanar.c9.io/phpmyadmin/sql.php?db=c9&table=Administrateur&server=1&target=&token=85aa9112c3ed2d0f0258e7b957f71699" "Mozilla/5.0 (X11; Ubuntu; Linux i686; rv:35.0) Gecko/20100101 Firefox/35.0"
10.240.35.81 - - [24/Jan/2015:22:15:05 +0000] "GET /phpmyadmin/sql.php?server=1&db=c9&table=Administrateur&pos=0&token=85aa9112c3ed2d0f0258e7b957f71699&ajax_request=true&ajax_page_request=true&menuHashes=3646b60c-fb32e58b-59adcc96&_nocache=1422137705285863452 HTTP/1.1" 200 7811 "https://gestionreunionparentsprofesseurs-jeanar.c9.io/phpmyadmin/sql.php?db=c9&table=Administrateur&server=1&target=&token=85aa9112c3ed2d0f0258e7b957f71699" "Mozilla/5.0 (X11; Ubuntu; Linux i686; rv:35.0) Gecko/20100101 Firefox/35.0"
10.240.35.81 - - [24/Jan/2015:22:15:05 +0000] "GET /phpmyadmin/index.php?ajax_request=1&recent_table=1&token=85aa9112c3ed2d0f0258e7b957f71699 HTTP/1.1" 200 1026 "https://gestionreunionparentsprofesseurs-jeanar.c9.io/phpmyadmin/sql.php?db=c9&table=Administrateur&server=1&target=&token=85aa9112c3ed2d0f0258e7b957f71699" "Mozilla/5.0 (X11; Ubuntu; Linux i686; rv:35.0) Gecko/20100101 Firefox/35.0"
10.240.35.81 - - [24/Jan/2015:22:15:06 +0000] "GET / HTTP/1.1" 200 2390 "https://ide.c9.io/jeanar/gestionreunionparentsprofesseurs" "Mozilla/5.0 (X11; Ubuntu; Linux x86_64; rv:35.0) Gecko/20100101 Firefox/35.0"
10.240.35.81 - - [24/Jan/2015:22:15:08 +0000] "GET /class/ HTTP/1.1" 200 4188 "https://gestionreunionparentsprofesseurs-jeanar.c9.io/?_c9_id=livepreview1&_c9_host=https://ide.c9.io" "Mozilla/5.0 (X11; Ubuntu; Linux x86_64; rv:35.0) Gecko/20100101 Firefox/35.0"
10.240.99.147 - - [24/Jan/2015:22:15:11 +0000] "GET /class/test.php HTTP/1.1" 200 361 "https://gestionreunionparentsprofesseurs-jeanar.c9.io/class/" "Mozilla/5.0 (X11; Ubuntu; Linux x86_64; rv:35.0) Gecko/20100101 Firefox/35.0"
10.240.99.147 - - [24/Jan/2015:22:15:16 +0000] "GET /phpmyadmin/sql.php?server=1&db=c9&table=Administrateur&pos=0&token=85aa9112c3ed2d0f0258e7b957f71699&ajax_request=true&ajax_page_request=true&menuHashes=3646b60c-fb32e58b-59adcc96&_nocache=1422137716424218257 HTTP/1.1" 200 7811 "https://gestionreunionparentsprofesseurs-jeanar.c9.io/phpmyadmin/sql.php?db=c9&table=Administrateur&server=1&target=&token=85aa9112c3ed2d0f0258e7b957f71699" "Mozilla/5.0 (X11; Ubuntu; Linux i686; rv:35.0) Gecko/20100101 Firefox/35.0"
10.240.35.81 - - [24/Jan/2015:22:15:17 +0000] "GET /phpmyadmin/index.php?ajax_request=1&recent_table=1&token=85aa9112c3ed2d0f0258e7b957f71699 HTTP/1.1" 200 1026 "https://gestionreunionparentsprofesseurs-jeanar.c9.io/phpmyadmin/sql.php?db=c9&table=Administrateur&server=1&target=&token=85aa9112c3ed2d0f0258e7b957f71699" "Mozilla/5.0 (X11; Ubuntu; Linux i686; rv:35.0) Gecko/20100101 Firefox/35.0"
10.240.99.147 - - [24/Jan/2015:22:15:18 +0000] "GET /phpmyadmin/sql.php?server=1&db=c9&table=test&pos=0&token=85aa9112c3ed2d0f0258e7b957f71699&ajax_request=true&ajax_page_request=true&menuHashes=3646b60c-fb32e58b-59adcc96&_nocache=1422137718586628069 HTTP/1.1" 200 7521 "https://gestionreunionparentsprofesseurs-jeanar.c9.io/phpmyadmin/sql.php?db=c9&table=Administrateur&server=1&target=&token=85aa9112c3ed2d0f0258e7b957f71699" "Mozilla/5.0 (X11; Ubuntu; Linux i686; rv:35.0) Gecko/20100101 Firefox/35.0"
10.240.35.81 - - [24/Jan/2015:22:15:19 +0000] "GET /phpmyadmin/index.php?ajax_request=1&recent_table=1&token=85aa9112c3ed2d0f0258e7b957f71699 HTTP/1.1" 200 1026 "https://gestionreunionparentsprofesseurs-jeanar.c9.io/phpmyadmin/sql.php?db=c9&table=Administrateur&server=1&target=&token=85aa9112c3ed2d0f0258e7b957f71699" "Mozilla/5.0 (X11; Ubuntu; Linux i686; rv:35.0) Gecko/20100101 Firefox/35.0"
10.240.99.147 - - [24/Jan/2015:22:15:20 +0000] "GET /phpmyadmin/sql.php?server=1&db=c9&table=Reunion&pos=0&token=85aa9112c3ed2d0f0258e7b957f71699&ajax_request=true&ajax_page_request=true&menuHashes=3646b60c-fb32e58b-59adcc96&_nocache=1422137720098794299 HTTP/1.1" 200 7608 "https://gestionreunionparentsprofesseurs-jeanar.c9.io/phpmyadmin/sql.php?db=c9&table=Administrateur&server=1&target=&token=85aa9112c3ed2d0f0258e7b957f71699" "Mozilla/5.0 (X11; Ubuntu; Linux i686; rv:35.0) Gecko/20100101 Firefox/35.0"
10.240.35.81 - - [24/Jan/2015:22:15:20 +0000] "GET /phpmyadmin/index.php?ajax_request=1&recent_table=1&token=85aa9112c3ed2d0f0258e7b957f71699 HTTP/1.1" 200 1026 "https://gestionreunionparentsprofesseurs-jeanar.c9.io/phpmyadmin/sql.php?db=c9&table=Administrateur&server=1&target=&token=85aa9112c3ed2d0f0258e7b957f71699" "Mozilla/5.0 (X11; Ubuntu; Linux i686; rv:35.0) Gecko/20100101 Firefox/35.0"
10.240.99.147 - - [24/Jan/2015:22:15:21 +0000] "GET /phpmyadmin/sql.php?server=1&db=c9&table=Professeur&pos=0&token=85aa9112c3ed2d0f0258e7b957f71699&ajax_request=true&ajax_page_request=true&menuHashes=3646b60c-fb32e58b-59adcc96&_nocache=1422137721288644513 HTTP/1.1" 200 10848 "https://gestionreunionparentsprofesseurs-jeanar.c9.io/phpmyadmin/sql.php?db=c9&table=Administrateur&server=1&target=&token=85aa9112c3ed2d0f0258e7b957f71699" "Mozilla/5.0 (X11; Ubuntu; Linux i686; rv:35.0) Gecko/20100101 Firefox/35.0"
10.240.35.81 - - [24/Jan/2015:22:15:22 +0000] "GET /phpmyadmin/index.php?ajax_request=1&recent_table=1&token=85aa9112c3ed2d0f0258e7b957f71699 HTTP/1.1" 200 1026 "https://gestionreunionparentsprofesseurs-jeanar.c9.io/phpmyadmin/sql.php?db=c9&table=Administrateur&server=1&target=&token=85aa9112c3ed2d0f0258e7b957f71699" "Mozilla/5.0 (X11; Ubuntu; Linux i686; rv:35.0) Gecko/20100101 Firefox/35.0"
10.240.99.147 - - [24/Jan/2015:22:15:22 +0000] "GET /phpmyadmin/sql.php?server=1&db=c9&table=Parent&pos=0&token=85aa9112c3ed2d0f0258e7b957f71699&ajax_request=true&ajax_page_request=true&menuHashes=3646b60c-fb32e58b-59adcc96-be045231&_nocache=1422137722250824290 HTTP/1.1" 200 10688 "https://gestionreunionparentsprofesseurs-jeanar.c9.io/phpmyadmin/sql.php?db=c9&table=Administrateur&server=1&target=&token=85aa9112c3ed2d0f0258e7b957f71699" "Mozilla/5.0 (X11; Ubuntu; Linux i686; rv:35.0) Gecko/20100101 Firefox/35.0"
10.240.99.147 - - [24/Jan/2015:22:15:22 +0000] "GET /phpmyadmin/index.php?ajax_request=1&recent_table=1&token=85aa9112c3ed2d0f0258e7b957f71699 HTTP/1.1" 200 1026 "https://gestionreunionparentsprofesseurs-jeanar.c9.io/phpmyadmin/sql.php?db=c9&table=Administrateur&server=1&target=&token=85aa9112c3ed2d0f0258e7b957f71699" "Mozilla/5.0 (X11; Ubuntu; Linux i686; rv:35.0) Gecko/20100101 Firefox/35.0"
10.240.99.147 - - [24/Jan/2015:22:15:23 +0000] "GET /phpmyadmin/sql.php?server=1&db=c9&table=Reunion&pos=0&token=85aa9112c3ed2d0f0258e7b957f71699&ajax_request=true&ajax_page_request=true&menuHashes=3646b60c-fb32e58b-59adcc96-be045231-e7cf9c10&_nocache=1422137723671180473 HTTP/1.1" 200 7608 "https://gestionreunionparentsprofesseurs-jeanar.c9.io/phpmyadmin/sql.php?db=c9&table=Administrateur&server=1&target=&token=85aa9112c3ed2d0f0258e7b957f71699" "Mozilla/5.0 (X11; Ubuntu; Linux i686; rv:35.0) Gecko/20100101 Firefox/35.0"
10.240.35.81 - - [24/Jan/2015:22:15:24 +0000] "GET /phpmyadmin/index.php?ajax_request=1&recent_table=1&token=85aa9112c3ed2d0f0258e7b957f71699 HTTP/1.1" 200 1026 "https://gestionreunionparentsprofesseurs-jeanar.c9.io/phpmyadmin/sql.php?db=c9&table=Administrateur&server=1&target=&token=85aa9112c3ed2d0f0258e7b957f71699" "Mozilla/5.0 (X11; Ubuntu; Linux i686; rv:35.0) Gecko/20100101 Firefox/35.0"
10.240.35.81 - - [24/Jan/2015:22:15:24 +0000] "GET /phpmyadmin/sql.php?server=1&db=c9&table=Entretien&pos=0&token=85aa9112c3ed2d0f0258e7b957f71699&ajax_request=true&ajax_page_request=true&menuHashes=3646b60c-fb32e58b-59adcc96-be045231-e7cf9c10&_nocache=1422137724664462356 HTTP/1.1" 200 10808 "https://gestionreunionparentsprofesseurs-jeanar.c9.io/phpmyadmin/sql.php?db=c9&table=Administrateur&server=1&target=&token=85aa9112c3ed2d0f0258e7b957f71699" "Mozilla/5.0 (X11; Ubuntu; Linux i686; rv:35.0) Gecko/20100101 Firefox/35.0"
10.240.99.147 - - [24/Jan/2015:22:15:25 +0000] "GET /phpmyadmin/index.php?ajax_request=1&recent_table=1&token=85aa9112c3ed2d0f0258e7b957f71699 HTTP/1.1" 200 1142 "https://gestionreunionparentsprofesseurs-jeanar.c9.io/phpmyadmin/sql.php?db=c9&table=Administrateur&server=1&target=&token=85aa9112c3ed2d0f0258e7b957f71699" "Mozilla/5.0 (X11; Ubuntu; Linux i686; rv:35.0) Gecko/20100101 Firefox/35.0"
10.240.35.81 - - [24/Jan/2015:22:15:26 +0000] "GET /phpmyadmin/sql.php?server=1&db=c9&table=Eleve&pos=0&token=85aa9112c3ed2d0f0258e7b957f71699&ajax_request=true&ajax_page_request=true&menuHashes=3646b60c-fb32e58b-59adcc96-be045231-e7cf9c10-a568bcde&_nocache=1422137726095919634 HTTP/1.1" 200 10648 "https://gestionreunionparentsprofesseurs-jeanar.c9.io/phpmyadmin/sql.php?db=c9&table=Administrateur&server=1&target=&token=85aa9112c3ed2d0f0258e7b957f71699" "Mozilla/5.0 (X11; Ubuntu; Linux i686; rv:35.0) Gecko/20100101 Firefox/35.0"
10.240.99.147 - - [24/Jan/2015:22:15:26 +0000] "GET /phpmyadmin/index.php?ajax_request=1&recent_table=1&token=85aa9112c3ed2d0f0258e7b957f71699 HTTP/1.1" 200 1250 "https://gestionreunionparentsprofesseurs-jeanar.c9.io/phpmyadmin/sql.php?db=c9&table=Administrateur&server=1&target=&token=85aa9112c3ed2d0f0258e7b957f71699" "Mozilla/5.0 (X11; Ubuntu; Linux i686; rv:35.0) Gecko/20100101 Firefox/35.0"
10.240.99.147 - - [24/Jan/2015:22:15:27 +0000] "GET /phpmyadmin/sql.php?server=1&db=c9&table=Administrateur&pos=0&token=85aa9112c3ed2d0f0258e7b957f71699&ajax_request=true&ajax_page_request=true&menuHashes=3646b60c-fb32e58b-59adcc96-be045231-e7cf9c10-a568bcde-2245eddb&_nocache=1422137726869104768 HTTP/1.1" 200 7811 "https://gestionreunionparentsprofesseurs-jeanar.c9.io/phpmyadmin/sql.php?db=c9&table=Administrateur&server=1&target=&token=85aa9112c3ed2d0f0258e7b957f71699" "Mozilla/5.0 (X11; Ubuntu; Linux i686; rv:35.0) Gecko/20100101 Firefox/35.0"
10.240.99.147 - - [24/Jan/2015:22:15:27 +0000] "GET /phpmyadmin/index.php?ajax_request=1&recent_table=1&token=85aa9112c3ed2d0f0258e7b957f71699 HTTP/1.1" 200 1250 "https://gestionreunionparentsprofesseurs-jeanar.c9.io/phpmyadmin/sql.php?db=c9&table=Administrateur&server=1&target=&token=85aa9112c3ed2d0f0258e7b957f71699" "Mozilla/5.0 (X11; Ubuntu; Linux i686; rv:35.0) Gecko/20100101 Firefox/35.0"
10.240.99.147 - - [24/Jan/2015:22:15:28 +0000] "GET /phpmyadmin/sql.php?server=1&db=c9&table=Reunion&pos=0&token=85aa9112c3ed2d0f0258e7b957f71699&ajax_request=true&ajax_page_request=true&menuHashes=3646b60c-fb32e58b-59adcc96-be045231-e7cf9c10-a568bcde-2245eddb&_nocache=1422137728382114889 HTTP/1.1" 200 7608 "https://gestionreunionparentsprofesseurs-jeanar.c9.io/phpmyadmin/sql.php?db=c9&table=Administrateur&server=1&target=&token=85aa9112c3ed2d0f0258e7b957f71699" "Mozilla/5.0 (X11; Ubuntu; Linux i686; rv:35.0) Gecko/20100101 Firefox/35.0"
10.240.99.147 - - [24/Jan/2015:22:15:29 +0000] "GET /phpmyadmin/index.php?ajax_request=1&recent_table=1&token=85aa9112c3ed2d0f0258e7b957f71699 HTTP/1.1" 200 1250 "https://gestionreunionparentsprofesseurs-jeanar.c9.io/phpmyadmin/sql.php?db=c9&table=Administrateur&server=1&target=&token=85aa9112c3ed2d0f0258e7b957f71699" "Mozilla/5.0 (X11; Ubuntu; Linux i686; rv:35.0) Gecko/20100101 Firefox/35.0"
10.240.99.147 - - [24/Jan/2015:22:15:29 +0000] "GET /phpmyadmin/sql.php?server=1&db=c9&table=Administrateur&pos=0&token=85aa9112c3ed2d0f0258e7b957f71699&ajax_request=true&ajax_page_request=true&menuHashes=3646b60c-fb32e58b-59adcc96-be045231-e7cf9c10-a568bcde-2245eddb&_nocache=1422137729679559682 HTTP/1.1" 200 7811 "https://gestionreunionparentsprofesseurs-jeanar.c9.io/phpmyadmin/sql.php?db=c9&table=Administrateur&server=1&target=&token=85aa9112c3ed2d0f0258e7b957f71699" "Mozilla/5.0 (X11; Ubuntu; Linux i686; rv:35.0) Gecko/20100101 Firefox/35.0"
10.240.99.147 - - [24/Jan/2015:22:15:30 +0000] "GET /phpmyadmin/index.php?ajax_request=1&recent_table=1&token=85aa9112c3ed2d0f0258e7b957f71699 HTTP/1.1" 200 1250 "https://gestionreunionparentsprofesseurs-jeanar.c9.io/phpmyadmin/sql.php?db=c9&table=Administrateur&server=1&target=&token=85aa9112c3ed2d0f0258e7b957f71699" "Mozilla/5.0 (X11; Ubuntu; Linux i686; rv:35.0) Gecko/20100101 Firefox/35.0"
10.240.99.147 - - [24/Jan/2015:22:15:31 +0000] "GET /phpmyadmin/sql.php?server=1&db=c9&table=Eleve&pos=0&token=85aa9112c3ed2d0f0258e7b957f71699&ajax_request=true&ajax_page_request=true&menuHashes=3646b60c-fb32e58b-59adcc96-be045231-e7cf9c10-a568bcde-2245eddb&_nocache=1422137730911495207 HTTP/1.1" 200 7550 "https://gestionreunionparentsprofesseurs-jeanar.c9.io/phpmyadmin/sql.php?db=c9&table=Administrateur&server=1&target=&token=85aa9112c3ed2d0f0258e7b957f71699" "Mozilla/5.0 (X11; Ubuntu; Linux i686; rv:35.0) Gecko/20100101 Firefox/35.0"
10.240.99.147 - - [24/Jan/2015:22:15:31 +0000] "GET /phpmyadmin/index.php?ajax_request=1&recent_table=1&token=85aa9112c3ed2d0f0258e7b957f71699 HTTP/1.1" 200 1250 "https://gestionreunionparentsprofesseurs-jeanar.c9.io/phpmyadmin/sql.php?db=c9&table=Administrateur&server=1&target=&token=85aa9112c3ed2d0f0258e7b957f71699" "Mozilla/5.0 (X11; Ubuntu; Linux i686; rv:35.0) Gecko/20100101 Firefox/35.0"
10.240.99.147 - - [24/Jan/2015:22:15:32 +0000] "GET /phpmyadmin/sql.php?server=1&db=c9&table=Reunion&pos=0&token=85aa9112c3ed2d0f0258e7b957f71699&ajax_request=true&ajax_page_request=true&menuHashes=3646b60c-fb32e58b-59adcc96-be045231-e7cf9c10-a568bcde-2245eddb&_nocache=1422137731816400635 HTTP/1.1" 200 7608 "https://gestionreunionparentsprofesseurs-jeanar.c9.io/phpmyadmin/sql.php?db=c9&table=Administrateur&server=1&target=&token=85aa9112c3ed2d0f0258e7b957f71699" "Mozilla/5.0 (X11; Ubuntu; Linux i686; rv:35.0) Gecko/20100101 Firefox/35.0"
10.240.99.147 - - [24/Jan/2015:22:15:32 +0000] "GET /phpmyadmin/index.php?ajax_request=1&recent_table=1&token=85aa9112c3ed2d0f0258e7b957f71699 HTTP/1.1" 200 1250 "https://gestionreunionparentsprofesseurs-jeanar.c9.io/phpmyadmin/sql.php?db=c9&table=Administrateur&server=1&target=&token=85aa9112c3ed2d0f0258e7b957f71699" "Mozilla/5.0 (X11; Ubuntu; Linux i686; rv:35.0) Gecko/20100101 Firefox/35.0"
10.240.35.81 - - [24/Jan/2015:22:15:33 +0000] "GET /phpmyadmin/sql.php?server=1&db=c9&table=Administrateur&pos=0&token=85aa9112c3ed2d0f0258e7b957f71699&ajax_request=true&ajax_page_request=true&menuHashes=3646b60c-fb32e58b-59adcc96-be045231-e7cf9c10-a568bcde-2245eddb&_nocache=1422137733067430198 HTTP/1.1" 200 7811 "https://gestionreunionparentsprofesseurs-jeanar.c9.io/phpmyadmin/sql.php?db=c9&table=Administrateur&server=1&target=&token=85aa9112c3ed2d0f0258e7b957f71699" "Mozilla/5.0 (X11; Ubuntu; Linux i686; rv:35.0) Gecko/20100101 Firefox/35.0"
10.240.99.147 - - [24/Jan/2015:22:15:33 +0000] "GET /phpmyadmin/index.php?ajax_request=1&recent_table=1&token=85aa9112c3ed2d0f0258e7b957f71699 HTTP/1.1" 200 1250 "https://gestionreunionparentsprofesseurs-jeanar.c9.io/phpmyadmin/sql.php?db=c9&table=Administrateur&server=1&target=&token=85aa9112c3ed2d0f0258e7b957f71699" "Mozilla/5.0 (X11; Ubuntu; Linux i686; rv:35.0) Gecko/20100101 Firefox/35.0"
10.240.35.81 - - [24/Jan/2015:22:19:54 +0000] "GET / HTTP/1.1" 200 2390 "https://ide.c9.io/jeanar/gestionreunionparentsprofesseurs" "Mozilla/5.0 (X11; Ubuntu; Linux x86_64; rv:35.0) Gecko/20100101 Firefox/35.0"
10.240.35.81 - - [24/Jan/2015:22:19:54 +0000] "GET /icons/blank.gif HTTP/1.1" 200 431 "https://gestionreunionparentsprofesseurs-jeanar.c9.io/?_c9_id=livepreview1&_c9_host=https://ide.c9.io" "Mozilla/5.0 (X11; Ubuntu; Linux x86_64; rv:35.0) Gecko/20100101 Firefox/35.0"
10.240.35.81 - - [24/Jan/2015:22:19:54 +0000] "GET /icons/unknown.gif HTTP/1.1" 200 528 "https://gestionreunionparentsprofesseurs-jeanar.c9.io/?_c9_id=livepreview1&_c9_host=https://ide.c9.io" "Mozilla/5.0 (X11; Ubuntu; Linux x86_64; rv:35.0) Gecko/20100101 Firefox/35.0"
10.240.35.81 - - [24/Jan/2015:22:19:54 +0000] "GET /icons/folder.gif HTTP/1.1" 200 508 "https://gestionreunionparentsprofesseurs-jeanar.c9.io/?_c9_id=livepreview1&_c9_host=https://ide.c9.io" "Mozilla/5.0 (X11; Ubuntu; Linux x86_64; rv:35.0) Gecko/20100101 Firefox/35.0"
10.240.35.81 - - [24/Jan/2015:22:19:57 +0000] "GET /includes/ HTTP/1.1" 200 1629 "https://gestionreunionparentsprofesseurs-jeanar.c9.io/?_c9_id=livepreview1&_c9_host=https://ide.c9.io" "Mozilla/5.0 (X11; Ubuntu; Linux x86_64; rv:35.0) Gecko/20100101 Firefox/35.0"
10.240.35.81 - - [24/Jan/2015:22:19:57 +0000] "GET /icons/text.gif HTTP/1.1" 200 512 "https://gestionreunionparentsprofesseurs-jeanar.c9.io/includes/" "Mozilla/5.0 (X11; Ubuntu; Linux x86_64; rv:35.0) Gecko/20100101 Firefox/35.0"
10.240.35.81 - - [24/Jan/2015:22:20:00 +0000] "GET / HTTP/1.1" 200 2390 "https://gestionreunionparentsprofesseurs-jeanar.c9.io/includes/" "Mozilla/5.0 (X11; Ubuntu; Linux x86_64; rv:35.0) Gecko/20100101 Firefox/35.0"
10.240.99.147 - - [24/Jan/2015:22:20:03 +0000] "GET /class/ HTTP/1.1" 200 4188 "https://gestionreunionparentsprofesseurs-jeanar.c9.io/" "Mozilla/5.0 (X11; Ubuntu; Linux x86_64; rv:35.0) Gecko/20100101 Firefox/35.0"
10.240.99.147 - - [24/Jan/2015:22:20:06 +0000] "GET /class/test.php HTTP/1.1" 200 361 "https://gestionreunionparentsprofesseurs-jeanar.c9.io/class/" "Mozilla/5.0 (X11; Ubuntu; Linux x86_64; rv:35.0) Gecko/20100101 Firefox/35.0"
10.240.99.147 - - [24/Jan/2015:22:20:35 +0000] "GET / HTTP/1.1" 200 2390 "https://ide.c9.io/jeanar/gestionreunionparentsprofesseurs" "Mozilla/5.0 (X11; Ubuntu; Linux x86_64; rv:35.0) Gecko/20100101 Firefox/35.0"
10.240.99.147 - - [24/Jan/2015:22:20:37 +0000] "GET /includes/ HTTP/1.1" 200 1629 "https://gestionreunionparentsprofesseurs-jeanar.c9.io/?_c9_id=livepreview1&_c9_host=https://ide.c9.io" "Mozilla/5.0 (X11; Ubuntu; Linux x86_64; rv:35.0) Gecko/20100101 Firefox/35.0"
10.240.35.81 - - [24/Jan/2015:22:20:40 +0000] "GET / HTTP/1.1" 200 2390 "https://gestionreunionparentsprofesseurs-jeanar.c9.io/includes/" "Mozilla/5.0 (X11; Ubuntu; Linux x86_64; rv:35.0) Gecko/20100101 Firefox/35.0"
10.240.35.81 - - [24/Jan/2015:22:20:42 +0000] "GET /class/ HTTP/1.1" 200 4188 "https://gestionreunionparentsprofesseurs-jeanar.c9.io/" "Mozilla/5.0 (X11; Ubuntu; Linux x86_64; rv:35.0) Gecko/20100101 Firefox/35.0"
10.240.35.81 - - [24/Jan/2015:22:20:45 +0000] "GET /class/test.php HTTP/1.1" 200 361 "https://gestionreunionparentsprofesseurs-jeanar.c9.io/class/" "Mozilla/5.0 (X11; Ubuntu; Linux x86_64; rv:35.0) Gecko/20100101 Firefox/35.0"
10.240.35.81 - - [24/Jan/2015:22:20:52 +0000] "GET /phpmyadmin/index.php?token=85aa9112c3ed2d0f0258e7b957f71699&ajax_request=true&ajax_page_request=true&menuHashes=3646b60c-fb32e58b-59adcc96-be045231-e7cf9c10-a568bcde-2245eddb&_nocache=1422138046666783763 HTTP/1.1" 200 38986 "https://gestionreunionparentsprofesseurs-jeanar.c9.io/phpmyadmin/sql.php?db=c9&table=Administrateur&server=1&target=&token=85aa9112c3ed2d0f0258e7b957f71699" "Mozilla/5.0 (X11; Ubuntu; Linux i686; rv:35.0) Gecko/20100101 Firefox/35.0"
10.240.35.81 - - [24/Jan/2015:22:21:00 +0000] "GET /phpmyadmin/prefs_manage.php?db=&token=85aa9112c3ed2d0f0258e7b957f71699&ajax_request=true&ajax_page_request=true&menuHashes=fb32e58b-59adcc96-be045231-e7cf9c10-a568bcde-2245eddb-c8c25aa3&_nocache=1422138060018702158 HTTP/1.1" 200 13238 "https://gestionreunionparentsprofesseurs-jeanar.c9.io/phpmyadmin/sql.php?db=c9&table=Administrateur&server=1&target=&token=85aa9112c3ed2d0f0258e7b957f71699" "Mozilla/5.0 (X11; Ubuntu; Linux i686; rv:35.0) Gecko/20100101 Firefox/35.0"
10.240.35.81 - - [24/Jan/2015:22:21:00 +0000] "GET /phpmyadmin/js/get_scripts.js.php?scripts%5B%5D=config.js HTTP/1.1" 200 24174 "https://gestionreunionparentsprofesseurs-jeanar.c9.io/phpmyadmin/sql.php?db=c9&table=Administrateur&server=1&target=&token=85aa9112c3ed2d0f0258e7b957f71699" "Mozilla/5.0 (X11; Ubuntu; Linux i686; rv:35.0) Gecko/20100101 Firefox/35.0"
10.240.35.81 - - [24/Jan/2015:22:21:07 +0000] "GET /phpmyadmin/server_engines.php?db=&token=85aa9112c3ed2d0f0258e7b957f71699&ajax_request=true&ajax_page_request=true&menuHashes=59adcc96-be045231-e7cf9c10-a568bcde-2245eddb-c8c25aa3-a018ea95&_nocache=1422138067031965379 HTTP/1.1" 200 7289 "https://gestionreunionparentsprofesseurs-jeanar.c9.io/phpmyadmin/sql.php?db=c9&table=Administrateur&server=1&target=&token=85aa9112c3ed2d0f0258e7b957f71699" "Mozilla/5.0 (X11; Ubuntu; Linux i686; rv:35.0) Gecko/20100101 Firefox/35.0"
10.240.35.81 - - [24/Jan/2015:22:21:10 +0000] "GET /phpmyadmin/server_databases.php?db=&token=85aa9112c3ed2d0f0258e7b957f71699&ajax_request=true&ajax_page_request=true&menuHashes=be045231-e7cf9c10-a568bcde-2245eddb-c8c25aa3-a018ea95-de10924c&_nocache=1422138070416552617 HTTP/1.1" 200 36861 "https://gestionreunionparentsprofesseurs-jeanar.c9.io/phpmyadmin/sql.php?db=c9&table=Administrateur&server=1&target=&token=85aa9112c3ed2d0f0258e7b957f71699" "Mozilla/5.0 (X11; Ubuntu; Linux i686; rv:35.0) Gecko/20100101 Firefox/35.0"
10.240.35.81 - - [24/Jan/2015:22:21:11 +0000] "GET /phpmyadmin/js/get_scripts.js.php?scripts%5B%5D=server_databases.js HTTP/1.1" 200 4863 "https://gestionreunionparentsprofesseurs-jeanar.c9.io/phpmyadmin/sql.php?db=c9&table=Administrateur&server=1&target=&token=85aa9112c3ed2d0f0258e7b957f71699" "Mozilla/5.0 (X11; Ubuntu; Linux i686; rv:35.0) Gecko/20100101 Firefox/35.0"
10.240.35.81 - - [24/Jan/2015:22:21:14 +0000] "GET /phpmyadmin/db_structure.php?token=85aa9112c3ed2d0f0258e7b957f71699&db=c9&ajax_request=true&ajax_page_request=true&menuHashes=e7cf9c10-a568bcde-2245eddb-c8c25aa3-a018ea95-de10924c-798bc720&_nocache=1422138074111193229 HTTP/1.1" 200 30225 "https://gestionreunionparentsprofesseurs-jeanar.c9.io/phpmyadmin/sql.php?db=c9&table=Administrateur&server=1&target=&token=85aa9112c3ed2d0f0258e7b957f71699" "Mozilla/5.0 (X11; Ubuntu; Linux i686; rv:35.0) Gecko/20100101 Firefox/35.0"
10.240.35.81 - - [24/Jan/2015:22:21:19 +0000] "GET /phpmyadmin/server_privileges.php?token=85aa9112c3ed2d0f0258e7b957f71699&checkprivs=c9&ajax_request=true&ajax_page_request=true&menuHashes=a568bcde-2245eddb-c8c25aa3-a018ea95-de10924c-798bc720-2b415d73&_nocache=1422138079318154640 HTTP/1.1" 200 6568 "https://gestionreunionparentsprofesseurs-jeanar.c9.io/phpmyadmin/sql.php?db=c9&table=Administrateur&server=1&target=&token=85aa9112c3ed2d0f0258e7b957f71699" "Mozilla/5.0 (X11; Ubuntu; Linux i686; rv:35.0) Gecko/20100101 Firefox/35.0"
10.240.35.81 - - [24/Jan/2015:22:21:20 +0000] "GET /phpmyadmin/js/get_scripts.js.php?scripts%5B%5D=server_privileges.js HTTP/1.1" 200 22153 "https://gestionreunionparentsprofesseurs-jeanar.c9.io/phpmyadmin/sql.php?db=c9&table=Administrateur&server=1&target=&token=85aa9112c3ed2d0f0258e7b957f71699" "Mozilla/5.0 (X11; Ubuntu; Linux i686; rv:35.0) Gecko/20100101 Firefox/35.0"
10.240.99.147 - - [24/Jan/2015:22:21:26 +0000] "GET /phpmyadmin/server_sql.php?db=&token=85aa9112c3ed2d0f0258e7b957f71699&ajax_request=true&ajax_page_request=true&menuHashes=2245eddb-c8c25aa3-a018ea95-de10924c-798bc720-2b415d73-aec8d9e6&_nocache=1422138086202585927 HTTP/1.1" 200 7284 "https://gestionreunionparentsprofesseurs-jeanar.c9.io/phpmyadmin/sql.php?db=c9&table=Administrateur&server=1&target=&token=85aa9112c3ed2d0f0258e7b957f71699" "Mozilla/5.0 (X11; Ubuntu; Linux i686; rv:35.0) Gecko/20100101 Firefox/35.0"
10.240.99.147 - - [24/Jan/2015:22:21:26 +0000] "GET /phpmyadmin/js/get_scripts.js.php?scripts%5B%5D=makegrid.js&scripts%5B%5D=sql.js HTTP/1.1" 200 93669 "https://gestionreunionparentsprofesseurs-jeanar.c9.io/phpmyadmin/sql.php?db=c9&table=Administrateur&server=1&target=&token=85aa9112c3ed2d0f0258e7b957f71699" "Mozilla/5.0 (X11; Ubuntu; Linux i686; rv:35.0) Gecko/20100101 Firefox/35.0"
10.240.35.81 - - [24/Jan/2015:22:21:29 +0000] "GET /phpmyadmin/server_privileges.php?db=&token=85aa9112c3ed2d0f0258e7b957f71699&ajax_request=true&ajax_page_request=true&menuHashes=c8c25aa3-a018ea95-de10924c-798bc720-2b415d73-aec8d9e6-b9b6519d&_nocache=1422138089017127156 HTTP/1.1" 200 6529 "https://gestionreunionparentsprofesseurs-jeanar.c9.io/phpmyadmin/sql.php?db=c9&table=Administrateur&server=1&target=&token=85aa9112c3ed2d0f0258e7b957f71699" "Mozilla/5.0 (X11; Ubuntu; Linux i686; rv:35.0) Gecko/20100101 Firefox/35.0"
10.240.99.147 - - [24/Jan/2015:22:21:32 +0000] "GET /phpmyadmin/index.php?token=85aa9112c3ed2d0f0258e7b957f71699&ajax_request=true&ajax_page_request=true&menuHashes=c8c25aa3-a018ea95-de10924c-798bc720-2b415d73-aec8d9e6-b9b6519d&_nocache=1422138092046210210 HTTP/1.1" 200 36091 "https://gestionreunionparentsprofesseurs-jeanar.c9.io/phpmyadmin/sql.php?db=c9&table=Administrateur&server=1&target=&token=85aa9112c3ed2d0f0258e7b957f71699" "Mozilla/5.0 (X11; Ubuntu; Linux i686; rv:35.0) Gecko/20100101 Firefox/35.0"
10.240.99.147 - - [24/Jan/2015:22:23:33 +0000] "GET / HTTP/1.1" 200 2390 "https://ide.c9.io/jeanar/gestionreunionparentsprofesseurs" "Mozilla/5.0 (X11; Ubuntu; Linux x86_64; rv:35.0) Gecko/20100101 Firefox/35.0"
10.240.99.147 - - [24/Jan/2015:22:23:33 +0000] "GET /icons/blank.gif HTTP/1.1" 200 431 "https://gestionreunionparentsprofesseurs-jeanar.c9.io/?_c9_id=livepreview1&_c9_host=https://ide.c9.io" "Mozilla/5.0 (X11; Ubuntu; Linux x86_64; rv:35.0) Gecko/20100101 Firefox/35.0"
10.240.99.147 - - [24/Jan/2015:22:23:33 +0000] "GET /icons/folder.gif HTTP/1.1" 200 508 "https://gestionreunionparentsprofesseurs-jeanar.c9.io/?_c9_id=livepreview1&_c9_host=https://ide.c9.io" "Mozilla/5.0 (X11; Ubuntu; Linux x86_64; rv:35.0) Gecko/20100101 Firefox/35.0"
10.240.99.147 - - [24/Jan/2015:22:23:34 +0000] "GET /icons/unknown.gif HTTP/1.1" 200 528 "https://gestionreunionparentsprofesseurs-jeanar.c9.io/?_c9_id=livepreview1&_c9_host=https://ide.c9.io" "Mozilla/5.0 (X11; Ubuntu; Linux x86_64; rv:35.0) Gecko/20100101 Firefox/35.0"
10.240.99.147 - - [24/Jan/2015:22:23:36 +0000] "GET /class/ HTTP/1.1" 200 4188 "https://gestionreunionparentsprofesseurs-jeanar.c9.io/?_c9_id=livepreview1&_c9_host=https://ide.c9.io" "Mozilla/5.0 (X11; Ubuntu; Linux x86_64; rv:35.0) Gecko/20100101 Firefox/35.0"
10.240.35.81 - - [24/Jan/2015:22:23:39 +0000] "GET /class/test.php HTTP/1.1" 200 361 "https://gestionreunionparentsprofesseurs-jeanar.c9.io/class/" "Mozilla/5.0 (X11; Ubuntu; Linux x86_64; rv:35.0) Gecko/20100101 Firefox/35.0"
10.240.99.147 - - [24/Jan/2015:22:28:22 +0000] "GET /class/test.php HTTP/1.1" 500 205 "https://ide.c9.io/jeanar/gestionreunionparentsprofesseurs" "Mozilla/5.0 (X11; Ubuntu; Linux i686; rv:35.0) Gecko/20100101 Firefox/35.0"
10.240.99.147 - - [24/Jan/2015:22:28:27 +0000] "POST /phpmyadmin/navigation.php?ajax_request=1&token=85aa9112c3ed2d0f0258e7b957f71699 HTTP/1.1" 200 10914 "https://gestionreunionparentsprofesseurs-jeanar.c9.io/phpmyadmin/sql.php?db=c9&table=Administrateur&server=1&target=&token=85aa9112c3ed2d0f0258e7b957f71699" "Mozilla/5.0 (X11; Ubuntu; Linux i686; rv:35.0) Gecko/20100101 Firefox/35.0"
10.240.99.147 - - [24/Jan/2015:22:28:29 +0000] "GET /phpmyadmin/sql.php?server=1&db=c9&table=Administrateur&pos=0&token=85aa9112c3ed2d0f0258e7b957f71699&ajax_request=true&ajax_page_request=true&menuHashes=c8c25aa3-a018ea95-de10924c-798bc720-2b415d73-aec8d9e6-b9b6519d&_nocache=1422138508731904944 HTTP/1.1" 200 11008 "https://gestionreunionparentsprofesseurs-jeanar.c9.io/phpmyadmin/sql.php?db=c9&table=Administrateur&server=1&target=&token=85aa9112c3ed2d0f0258e7b957f71699" "Mozilla/5.0 (X11; Ubuntu; Linux i686; rv:35.0) Gecko/20100101 Firefox/35.0"
10.240.35.81 - - [24/Jan/2015:22:28:29 +0000] "GET /phpmyadmin/index.php?ajax_request=1&recent_table=1&token=85aa9112c3ed2d0f0258e7b957f71699 HTTP/1.1" 200 1250 "https://gestionreunionparentsprofesseurs-jeanar.c9.io/phpmyadmin/sql.php?db=c9&table=Administrateur&server=1&target=&token=85aa9112c3ed2d0f0258e7b957f71699" "Mozilla/5.0 (X11; Ubuntu; Linux i686; rv:35.0) Gecko/20100101 Firefox/35.0"
10.240.35.81 - - [24/Jan/2015:22:28:30 +0000] "GET /phpmyadmin/sql.php?server=1&db=c9&table=Administrateur&pos=0&token=85aa9112c3ed2d0f0258e7b957f71699&ajax_request=true&ajax_page_request=true&menuHashes=a018ea95-de10924c-798bc720-2b415d73-aec8d9e6-b9b6519d-3646b60c&_nocache=1422138509875479426 HTTP/1.1" 200 7811 "https://gestionreunionparentsprofesseurs-jeanar.c9.io/phpmyadmin/sql.php?db=c9&table=Administrateur&server=1&target=&token=85aa9112c3ed2d0f0258e7b957f71699" "Mozilla/5.0 (X11; Ubuntu; Linux i686; rv:35.0) Gecko/20100101 Firefox/35.0"
10.240.35.81 - - [24/Jan/2015:22:28:30 +0000] "GET /phpmyadmin/index.php?ajax_request=1&recent_table=1&token=85aa9112c3ed2d0f0258e7b957f71699 HTTP/1.1" 200 1250 "https://gestionreunionparentsprofesseurs-jeanar.c9.io/phpmyadmin/sql.php?db=c9&table=Administrateur&server=1&target=&token=85aa9112c3ed2d0f0258e7b957f71699" "Mozilla/5.0 (X11; Ubuntu; Linux i686; rv:35.0) Gecko/20100101 Firefox/35.0"
10.240.35.81 - - [24/Jan/2015:22:28:32 +0000] "POST /phpmyadmin/navigation.php?ajax_request=1&token=85aa9112c3ed2d0f0258e7b957f71699 HTTP/1.1" 200 10914 "https://gestionreunionparentsprofesseurs-jeanar.c9.io/phpmyadmin/sql.php?db=c9&table=Administrateur&server=1&target=&token=85aa9112c3ed2d0f0258e7b957f71699" "Mozilla/5.0 (X11; Ubuntu; Linux i686; rv:35.0) Gecko/20100101 Firefox/35.0"
10.240.35.81 - - [24/Jan/2015:22:28:33 +0000] "POST /phpmyadmin/navigation.php?ajax_request=1&token=85aa9112c3ed2d0f0258e7b957f71699 HTTP/1.1" 200 10914 "https://gestionreunionparentsprofesseurs-jeanar.c9.io/phpmyadmin/sql.php?db=c9&table=Administrateur&server=1&target=&token=85aa9112c3ed2d0f0258e7b957f71699" "Mozilla/5.0 (X11; Ubuntu; Linux i686; rv:35.0) Gecko/20100101 Firefox/35.0"
10.240.99.147 - - [24/Jan/2015:22:29:33 +0000] "GET /phpmyadmin/sql.php?server=1&db=c9&table=Administrateur&pos=0&token=85aa9112c3ed2d0f0258e7b957f71699&ajax_request=true&ajax_page_request=true&menuHashes=a018ea95-de10924c-798bc720-2b415d73-aec8d9e6-b9b6519d-3646b60c&_nocache=1422138572970704868 HTTP/1.1" 200 7811 "https://gestionreunionparentsprofesseurs-jeanar.c9.io/phpmyadmin/sql.php?db=c9&table=Administrateur&server=1&target=&token=85aa9112c3ed2d0f0258e7b957f71699" "Mozilla/5.0 (X11; Ubuntu; Linux i686; rv:35.0) Gecko/20100101 Firefox/35.0"
10.240.99.147 - - [24/Jan/2015:22:29:34 +0000] "GET /phpmyadmin/index.php?ajax_request=1&recent_table=1&token=85aa9112c3ed2d0f0258e7b957f71699 HTTP/1.1" 200 1250 "https://gestionreunionparentsprofesseurs-jeanar.c9.io/phpmyadmin/sql.php?db=c9&table=Administrateur&server=1&target=&token=85aa9112c3ed2d0f0258e7b957f71699" "Mozilla/5.0 (X11; Ubuntu; Linux i686; rv:35.0) Gecko/20100101 Firefox/35.0"
10.240.99.147 - - [24/Jan/2015:22:30:05 +0000] "GET /phpmyadmin/sql.php?server=1&db=c9&table=Administrateur&pos=0&token=85aa9112c3ed2d0f0258e7b957f71699&ajax_request=true&ajax_page_request=true&menuHashes=a018ea95-de10924c-798bc720-2b415d73-aec8d9e6-b9b6519d-3646b60c&_nocache=1422138605267279906 HTTP/1.1" 200 7811 "https://gestionreunionparentsprofesseurs-jeanar.c9.io/phpmyadmin/sql.php?db=c9&table=Administrateur&server=1&target=&token=85aa9112c3ed2d0f0258e7b957f71699" "Mozilla/5.0 (X11; Ubuntu; Linux i686; rv:35.0) Gecko/20100101 Firefox/35.0"
10.240.35.81 - - [24/Jan/2015:22:30:06 +0000] "GET /phpmyadmin/index.php?ajax_request=1&recent_table=1&token=85aa9112c3ed2d0f0258e7b957f71699 HTTP/1.1" 200 1250 "https://gestionreunionparentsprofesseurs-jeanar.c9.io/phpmyadmin/sql.php?db=c9&table=Administrateur&server=1&target=&token=85aa9112c3ed2d0f0258e7b957f71699" "Mozilla/5.0 (X11; Ubuntu; Linux i686; rv:35.0) Gecko/20100101 Firefox/35.0"
10.240.99.147 - - [24/Jan/2015:22:30:07 +0000] "GET /phpmyadmin/sql.php?server=1&db=c9&table=Administrateur&pos=0&token=85aa9112c3ed2d0f0258e7b957f71699&ajax_request=true&ajax_page_request=true&menuHashes=a018ea95-de10924c-798bc720-2b415d73-aec8d9e6-b9b6519d-3646b60c&_nocache=1422138607505494303 HTTP/1.1" 200 7811 "https://gestionreunionparentsprofesseurs-jeanar.c9.io/phpmyadmin/sql.php?db=c9&table=Administrateur&server=1&target=&token=85aa9112c3ed2d0f0258e7b957f71699" "Mozilla/5.0 (X11; Ubuntu; Linux i686; rv:35.0) Gecko/20100101 Firefox/35.0"
10.240.35.81 - - [24/Jan/2015:22:30:08 +0000] "GET /phpmyadmin/index.php?ajax_request=1&recent_table=1&token=85aa9112c3ed2d0f0258e7b957f71699 HTTP/1.1" 200 1250 "https://gestionreunionparentsprofesseurs-jeanar.c9.io/phpmyadmin/sql.php?db=c9&table=Administrateur&server=1&target=&token=85aa9112c3ed2d0f0258e7b957f71699" "Mozilla/5.0 (X11; Ubuntu; Linux i686; rv:35.0) Gecko/20100101 Firefox/35.0"
10.240.99.147 - - [24/Jan/2015:22:30:10 +0000] "GET /phpmyadmin/sql.php?server=1&db=c9&table=Reunion&pos=0&token=85aa9112c3ed2d0f0258e7b957f71699&ajax_request=true&ajax_page_request=true&menuHashes=a018ea95-de10924c-798bc720-2b415d73-aec8d9e6-b9b6519d-3646b60c&_nocache=1422138610476785119 HTTP/1.1" 200 10728 "https://gestionreunionparentsprofesseurs-jeanar.c9.io/phpmyadmin/sql.php?db=c9&table=Administrateur&server=1&target=&token=85aa9112c3ed2d0f0258e7b957f71699" "Mozilla/5.0 (X11; Ubuntu; Linux i686; rv:35.0) Gecko/20100101 Firefox/35.0"
10.240.99.147 - - [24/Jan/2015:22:30:11 +0000] "GET /phpmyadmin/index.php?ajax_request=1&recent_table=1&token=85aa9112c3ed2d0f0258e7b957f71699 HTTP/1.1" 200 1250 "https://gestionreunionparentsprofesseurs-jeanar.c9.io/phpmyadmin/sql.php?db=c9&table=Administrateur&server=1&target=&token=85aa9112c3ed2d0f0258e7b957f71699" "Mozilla/5.0 (X11; Ubuntu; Linux i686; rv:35.0) Gecko/20100101 Firefox/35.0"
10.240.99.147 - - [24/Jan/2015:22:30:13 +0000] "GET /class/test.php HTTP/1.1" 200 361 "https://ide.c9.io/jeanar/gestionreunionparentsprofesseurs" "Mozilla/5.0 (X11; Ubuntu; Linux i686; rv:35.0) Gecko/20100101 Firefox/35.0"
10.240.35.81 - - [24/Jan/2015:22:31:23 +0000] "GET /class/test.php HTTP/1.1" 200 361 "https://ide.c9.io/jeanar/gestionreunionparentsprofesseurs" "Mozilla/5.0 (X11; Ubuntu; Linux i686; rv:35.0) Gecko/20100101 Firefox/35.0"
10.240.35.81 - - [24/Jan/2015:22:32:42 +0000] "GET /class/test.php HTTP/1.1" 200 361 "https://ide.c9.io/jeanar/gestionreunionparentsprofesseurs" "Mozilla/5.0 (X11; Ubuntu; Linux i686; rv:35.0) Gecko/20100101 Firefox/35.0"
10.240.35.81 - - [24/Jan/2015:22:34:21 +0000] "GET /class/test.php HTTP/1.1" 200 361 "https://ide.c9.io/jeanar/gestionreunionparentsprofesseurs" "Mozilla/5.0 (X11; Ubuntu; Linux i686; rv:35.0) Gecko/20100101 Firefox/35.0"
10.240.35.81 - - [24/Jan/2015:22:35:20 +0000] "GET /class/test.php HTTP/1.1" 200 361 "https://ide.c9.io/jeanar/gestionreunionparentsprofesseurs" "Mozilla/5.0 (X11; Ubuntu; Linux i686; rv:35.0) Gecko/20100101 Firefox/35.0"
10.240.99.147 - - [24/Jan/2015:22:37:03 +0000] "GET / HTTP/1.1" 200 2390 "https://ide.c9.io/jeanar/gestionreunionparentsprofesseurs" "Mozilla/5.0 (X11; Ubuntu; Linux x86_64; rv:35.0) Gecko/20100101 Firefox/35.0"
10.240.99.147 - - [24/Jan/2015:22:37:03 +0000] "GET /icons/blank.gif HTTP/1.1" 200 431 "https://gestionreunionparentsprofesseurs-jeanar.c9.io/?_c9_id=livepreview1&_c9_host=https://ide.c9.io" "Mozilla/5.0 (X11; Ubuntu; Linux x86_64; rv:35.0) Gecko/20100101 Firefox/35.0"
10.240.99.147 - - [24/Jan/2015:22:37:03 +0000] "GET /icons/folder.gif HTTP/1.1" 200 508 "https://gestionreunionparentsprofesseurs-jeanar.c9.io/?_c9_id=livepreview1&_c9_host=https://ide.c9.io" "Mozilla/5.0 (X11; Ubuntu; Linux x86_64; rv:35.0) Gecko/20100101 Firefox/35.0"
10.240.99.147 - - [24/Jan/2015:22:37:03 +0000] "GET /icons/unknown.gif HTTP/1.1" 200 528 "https://gestionreunionparentsprofesseurs-jeanar.c9.io/?_c9_id=livepreview1&_c9_host=https://ide.c9.io" "Mozilla/5.0 (X11; Ubuntu; Linux x86_64; rv:35.0) Gecko/20100101 Firefox/35.0"
10.240.99.147 - - [24/Jan/2015:22:37:06 +0000] "GET /class/ HTTP/1.1" 200 4188 "https://gestionreunionparentsprofesseurs-jeanar.c9.io/?_c9_id=livepreview1&_c9_host=https://ide.c9.io" "Mozilla/5.0 (X11; Ubuntu; Linux x86_64; rv:35.0) Gecko/20100101 Firefox/35.0"
10.240.99.147 - - [24/Jan/2015:22:37:08 +0000] "GET /class/test.php HTTP/1.1" 200 361 "https://gestionreunionparentsprofesseurs-jeanar.c9.io/class/" "Mozilla/5.0 (X11; Ubuntu; Linux x86_64; rv:35.0) Gecko/20100101 Firefox/35.0"
10.240.99.147 - - [24/Jan/2015:22:37:58 +0000] "GET / HTTP/1.1" 200 2390 "https://ide.c9.io/jeanar/gestionreunionparentsprofesseurs" "Mozilla/5.0 (X11; Ubuntu; Linux x86_64; rv:35.0) Gecko/20100101 Firefox/35.0"
10.240.99.147 - - [24/Jan/2015:22:38:01 +0000] "GET /class/ HTTP/1.1" 200 4188 "https://gestionreunionparentsprofesseurs-jeanar.c9.io/?_c9_id=livepreview1&_c9_host=https://ide.c9.io" "Mozilla/5.0 (X11; Ubuntu; Linux x86_64; rv:35.0) Gecko/20100101 Firefox/35.0"
10.240.35.81 - - [24/Jan/2015:22:38:04 +0000] "GET /class/test.php HTTP/1.1" 200 361 "https://gestionreunionparentsprofesseurs-jeanar.c9.io/class/" "Mozilla/5.0 (X11; Ubuntu; Linux x86_64; rv:35.0) Gecko/20100101 Firefox/35.0"
10.240.99.147 - - [24/Jan/2015:22:38:17 +0000] "GET / HTTP/1.1" 200 2390 "https://ide.c9.io/jeanar/gestionreunionparentsprofesseurs" "Mozilla/5.0 (X11; Ubuntu; Linux x86_64; rv:35.0) Gecko/20100101 Firefox/35.0"
10.240.99.147 - - [24/Jan/2015:22:38:19 +0000] "GET /class/ HTTP/1.1" 200 4188 "https://gestionreunionparentsprofesseurs-jeanar.c9.io/?_c9_id=livepreview1&_c9_host=https://ide.c9.io" "Mozilla/5.0 (X11; Ubuntu; Linux x86_64; rv:35.0) Gecko/20100101 Firefox/35.0"
10.240.35.81 - - [24/Jan/2015:22:38:22 +0000] "GET /class/test.php HTTP/1.1" 500 213 "https://gestionreunionparentsprofesseurs-jeanar.c9.io/class/" "Mozilla/5.0 (X11; Ubuntu; Linux x86_64; rv:35.0) Gecko/20100101 Firefox/35.0"
10.240.99.147 - - [24/Jan/2015:22:38:26 +0000] "GET /class/test.php HTTP/1.1" 500 213 "https://ide.c9.io/jeanar/gestionreunionparentsprofesseurs" "Mozilla/5.0 (X11; Ubuntu; Linux i686; rv:35.0) Gecko/20100101 Firefox/35.0"
10.240.35.81 - - [24/Jan/2015:22:38:57 +0000] "GET /class/test.php HTTP/1.1" 200 361 "https://ide.c9.io/jeanar/gestionreunionparentsprofesseurs" "Mozilla/5.0 (X11; Ubuntu; Linux i686; rv:35.0) Gecko/20100101 Firefox/35.0"
10.240.35.81 - - [24/Jan/2015:22:38:59 +0000] "POST /phpmyadmin/navigation.php?ajax_request=1&token=85aa9112c3ed2d0f0258e7b957f71699 HTTP/1.1" 200 10914 "https://gestionreunionparentsprofesseurs-jeanar.c9.io/phpmyadmin/sql.php?db=c9&table=Administrateur&server=1&target=&token=85aa9112c3ed2d0f0258e7b957f71699" "Mozilla/5.0 (X11; Ubuntu; Linux i686; rv:35.0) Gecko/20100101 Firefox/35.0"
10.240.35.81 - - [24/Jan/2015:22:39:01 +0000] "GET /phpmyadmin/sql.php?server=1&db=c9&table=Administrateur&pos=0&token=85aa9112c3ed2d0f0258e7b957f71699&ajax_request=true&ajax_page_request=true&menuHashes=de10924c-798bc720-2b415d73-aec8d9e6-b9b6519d-3646b60c-fb32e58b&_nocache=1422139141408776040 HTTP/1.1" 200 7811 "https://gestionreunionparentsprofesseurs-jeanar.c9.io/phpmyadmin/sql.php?db=c9&table=Administrateur&server=1&target=&token=85aa9112c3ed2d0f0258e7b957f71699" "Mozilla/5.0 (X11; Ubuntu; Linux i686; rv:35.0) Gecko/20100101 Firefox/35.0"
10.240.35.81 - - [24/Jan/2015:22:39:02 +0000] "GET /phpmyadmin/index.php?ajax_request=1&recent_table=1&token=85aa9112c3ed2d0f0258e7b957f71699 HTTP/1.1" 200 1250 "https://gestionreunionparentsprofesseurs-jeanar.c9.io/phpmyadmin/sql.php?db=c9&table=Administrateur&server=1&target=&token=85aa9112c3ed2d0f0258e7b957f71699" "Mozilla/5.0 (X11; Ubuntu; Linux i686; rv:35.0) Gecko/20100101 Firefox/35.0"
10.240.35.81 - - [24/Jan/2015:22:39:02 +0000] "GET /phpmyadmin/sql.php?server=1&db=c9&table=Administrateur&pos=0&token=85aa9112c3ed2d0f0258e7b957f71699&ajax_request=true&ajax_page_request=true&menuHashes=de10924c-798bc720-2b415d73-aec8d9e6-b9b6519d-3646b60c-fb32e58b&_nocache=1422139142368537719 HTTP/1.1" 200 7811 "https://gestionreunionparentsprofesseurs-jeanar.c9.io/phpmyadmin/sql.php?db=c9&table=Administrateur&server=1&target=&token=85aa9112c3ed2d0f0258e7b957f71699" "Mozilla/5.0 (X11; Ubuntu; Linux i686; rv:35.0) Gecko/20100101 Firefox/35.0"
10.240.35.81 - - [24/Jan/2015:22:39:03 +0000] "GET /phpmyadmin/index.php?ajax_request=1&recent_table=1&token=85aa9112c3ed2d0f0258e7b957f71699 HTTP/1.1" 200 1250 "https://gestionreunionparentsprofesseurs-jeanar.c9.io/phpmyadmin/sql.php?db=c9&table=Administrateur&server=1&target=&token=85aa9112c3ed2d0f0258e7b957f71699" "Mozilla/5.0 (X11; Ubuntu; Linux i686; rv:35.0) Gecko/20100101 Firefox/35.0"
10.240.35.81 - - [24/Jan/2015:22:39:06 +0000] "GET /phpmyadmin/sql.php?db=c9&table=Administrateur&server=1&target=&token=85aa9112c3ed2d0f0258e7b957f71699 HTTP/1.1" 200 18699 "-" "Mozilla/5.0 (X11; Ubuntu; Linux i686; rv:35.0) Gecko/20100101 Firefox/35.0"
10.240.99.147 - - [24/Jan/2015:22:39:06 +0000] "GET /phpmyadmin/themes/pmahomme/jquery/jquery-ui-1.9.2.custom.css HTTP/1.1" 304 181 "https://gestionreunionparentsprofesseurs-jeanar.c9.io/phpmyadmin/sql.php?db=c9&table=Administrateur&server=1&target=&token=85aa9112c3ed2d0f0258e7b957f71699" "Mozilla/5.0 (X11; Ubuntu; Linux i686; rv:35.0) Gecko/20100101 Firefox/35.0"
10.240.35.81 - - [24/Jan/2015:22:39:06 +0000] "GET /phpmyadmin/js/get_scripts.js.php?scripts%5B%5D=jquery/jquery-1.8.3.min.js&scripts%5B%5D=ajax.js&scripts%5B%5D=keyhandler.js&scripts%5B%5D=jquery/jquery-ui-1.9.2.custom.min.js&scripts%5B%5D=jquery/jquery.sprintf.js&scripts%5B%5D=jquery/jquery.cookie.js&scripts%5B%5D=jquery/jquery.mousewheel.js&scripts%5B%5D=jquery/jquery.event.drag-2.2.js&scripts%5B%5D=jquery/jquery-ui-timepicker-addon.js&scripts%5B%5D=jquery/jquery.ba-hashchange-1.3.js&scripts%5B%5D=jquery/jquery.debounce-1.0.5.js&scripts%5B%5D=jquery/jquery.menuResizer-1.0.js&scripts%5B%5D=rte.js&scripts%5B%5D=functions.js&scripts%5B%5D=navigation.js&scripts%5B%5D=indexes.js&scripts%5B%5D=common.js&scripts%5B%5D=tbl_change.js&scripts%5B%5D=tbl_structure.js&scripts%5B%5D=gis_data_editor.js&scripts%5B%5D=codemirror/lib/codemirror.js&scripts%5B%5D=codemirror/mode/mysql/mysql.js HTTP/1.1" 200 870446 "https://gestionreunionparentsprofesseurs-jeanar.c9.io/phpmyadmin/sql.php?db=c9&table=Administrateur&server=1&target=&token=85aa9112c3ed2d0f0258e7b957f71699" "Mozilla/5.0 (X11; Ubuntu; Linux i686; rv:35.0) Gecko/20100101 Firefox/35.0"
10.240.35.81 - - [24/Jan/2015:22:39:06 +0000] "GET /phpmyadmin/phpmyadmin.css.php?server=1&token=85aa9112c3ed2d0f0258e7b957f71699&nocache=5616580064ltr HTTP/1.1" 200 89532 "https://gestionreunionparentsprofesseurs-jeanar.c9.io/phpmyadmin/sql.php?db=c9&table=Administrateur&server=1&target=&token=85aa9112c3ed2d0f0258e7b957f71699" "Mozilla/5.0 (X11; Ubuntu; Linux i686; rv:35.0) Gecko/20100101 Firefox/35.0"
10.240.99.147 - - [24/Jan/2015:22:39:06 +0000] "GET /phpmyadmin/js/messages.php?lang=fr&db=c9&token=85aa9112c3ed2d0f0258e7b957f71699 HTTP/1.1" 200 19242 "https://gestionreunionparentsprofesseurs-jeanar.c9.io/phpmyadmin/sql.php?db=c9&table=Administrateur&server=1&target=&token=85aa9112c3ed2d0f0258e7b957f71699" "Mozilla/5.0 (X11; Ubuntu; Linux i686; rv:35.0) Gecko/20100101 Firefox/35.0"
10.240.99.147 - - [24/Jan/2015:22:39:07 +0000] "GET /phpmyadmin/js/get_image.js.php?theme=pmahomme HTTP/1.1" 200 6652 "https://gestionreunionparentsprofesseurs-jeanar.c9.io/phpmyadmin/sql.php?db=c9&table=Administrateur&server=1&target=&token=85aa9112c3ed2d0f0258e7b957f71699" "Mozilla/5.0 (X11; Ubuntu; Linux i686; rv:35.0) Gecko/20100101 Firefox/35.0"
10.240.99.147 - - [24/Jan/2015:22:39:14 +0000] "GET /phpmyadmin/server_databases.php?db=&token=06e9345c97deb03819887715286312ed&ajax_request=true&ajax_page_request=true&menuHashes=a3eeb0fa-bebaf2e8-559d6dbc-094d30b2-d9182390-c12a6d24-6f86a2d3&_nocache=1422139153608209698 HTTP/1.1" 200 834 "https://gestionreunionparentsprofesseurs-jeanar.c9.io/phpmyadmin/sql.php?db=c9&table=Reunion&server=1&target=&token=06e9345c97deb03819887715286312ed" "Mozilla/5.0 (X11; Ubuntu; Linux x86_64; rv:35.0) Gecko/20100101 Firefox/35.0"
10.240.99.147 - - [24/Jan/2015:22:39:15 +0000] "GET /phpmyadmin/sql.php?db=c9&table=Administrateur&server=1&target=&token=85aa9112c3ed2d0f0258e7b957f71699 HTTP/1.1" 200 18699 "https://gestionreunionparentsprofesseurs-jeanar.c9.io/phpmyadmin/sql.php?db=c9&table=Administrateur&server=1&target=&token=85aa9112c3ed2d0f0258e7b957f71699" "Mozilla/5.0 (X11; Ubuntu; Linux i686; rv:35.0) Gecko/20100101 Firefox/35.0"
